Component: ARM Compiler 5.06 update 7 (build 960) Tool: armlink [4d3601]

==============================================================================

Section Cross References

    main.o(i.AppTaskCreate) refers to os_task.o(i.OSTaskCreate) for OSTaskCreate
    main.o(i.AppTaskCreate) refers to main.o(.bss) for .bss
    main.o(i.AppTaskCreate) refers to read_nuid.o(i.AppTaskCard) for AppTaskCard
    main.o(i.AppTaskCreate) refers to chtask.o(i.AppTaskCharge) for AppTaskCharge
    main.o(i.AppTaskCreate) refers to dwin_com_pro.o(i.AppTaskDwin) for AppTaskDwin
    main.o(i.AppTaskCreate) refers to 4gmain.o(i.AppTask4GMain) for AppTask4GMain
    main.o(i.AppTaskCreate) refers to 4grecv.o(i.AppTask4GRecv) for AppTask4GRecv
    main.o(i.AppTaskCreate) refers to 4gsend.o(i.AppTask4GSend) for AppTask4GSend
    main.o(i.AppTaskStart) refers to bsp.o(i.BSP_Init) for BSP_Init
    main.o(i.AppTaskStart) refers to at32_board.o(i.UART_Print_Init) for UART_Print_Init
    main.o(i.AppTaskStart) refers to cpu_core.o(i.CPU_Init) for CPU_Init
    main.o(i.AppTaskStart) refers to bsp.o(i.BSP_CPU_ClkFreq) for BSP_CPU_ClkFreq
    main.o(i.AppTaskStart) refers to os_cpu_c.o(i.OS_CPU_SysTickInit) for OS_CPU_SysTickInit
    main.o(i.AppTaskStart) refers to os_stat.o(i.OSStatTaskCPUUsageInit) for OSStatTaskCPUUsageInit
    main.o(i.AppTaskStart) refers to spi_flash.o(i.Spi_Flash_Io_Init) for Spi_Flash_Io_Init
    main.o(i.AppTaskStart) refers to spi_flash.o(i.FLASH_Init) for FLASH_Init
    main.o(i.AppTaskStart) refers to ertc.o(i.ertc) for ertc
    main.o(i.AppTaskStart) refers to printf8.o(i.__0printf$8) for __2printf
    main.o(i.AppTaskStart) refers to delay.o(i.delay_init) for delay_init
    main.o(i.AppTaskStart) refers to device.o(i.Mcu_Io_Init) for Mcu_Io_Init
    main.o(i.AppTaskStart) refers to timer.o(i.TIM3_Int_Init) for TIM3_Int_Init
    main.o(i.AppTaskStart) refers to hlw8112-spi.o(i.Init_HLW8112) for Init_HLW8112
    main.o(i.AppTaskStart) refers to timer.o(i.TIM4_Int_Init) for TIM4_Int_Init
    main.o(i.AppTaskStart) refers to main.o(i.AppTaskCreate) for AppTaskCreate
    main.o(i.AppTaskStart) refers to main.o(i.IWDG_Config) for IWDG_Config
    main.o(i.AppTaskStart) refers to at32f4xx_iwdg.o(i.IWDG_ReloadCounter) for IWDG_ReloadCounter
    main.o(i.AppTaskStart) refers to os_time.o(i.OSTimeDly) for OSTimeDly
    main.o(i.AppTaskStart) refers to ertc.o(i.ERTC_TimeShow) for ERTC_TimeShow
    main.o(i.AppTaskStart) refers to os_cfg_app.o(.constdata) for OSCfg_TickRate_Hz
    main.o(i.AppTaskStart) refers to main.o(.data) for .data
    main.o(i.AppTaskStart) refers to main.o(.bss) for .bss
    main.o(i.AppTaskStart) refers to ertc.o(.data) for ERTC_DateStructure
    main.o(i.IWDG_Config) refers to at32f4xx_iwdg.o(i.IWDG_KeyRegWrite) for IWDG_KeyRegWrite
    main.o(i.IWDG_Config) refers to at32f4xx_iwdg.o(i.IWDG_SetPrescaler) for IWDG_SetPrescaler
    main.o(i.IWDG_Config) refers to at32f4xx_iwdg.o(i.IWDG_SetReload) for IWDG_SetReload
    main.o(i.IWDG_Config) refers to at32f4xx_iwdg.o(i.IWDG_ReloadCounter) for IWDG_ReloadCounter
    main.o(i.IWDG_Config) refers to at32f4xx_iwdg.o(i.IWDG_Enable) for IWDG_Enable
    main.o(i.IWDG_Feed) refers to at32f4xx_iwdg.o(i.IWDG_ReloadCounter) for IWDG_ReloadCounter
    main.o(i.JumpToProgramCode) refers to main.o(.data) for .data
    main.o(i.main) refers to os_core.o(i.OSInit) for OSInit
    main.o(i.main) refers to os_task.o(i.OSTaskCreate) for OSTaskCreate
    main.o(i.main) refers to os_core.o(i.OSStart) for OSStart
    main.o(i.main) refers to main.o(.bss) for .bss
    main.o(i.main) refers to main.o(i.AppTaskStart) for AppTaskStart
    at32f4xx_it.o(i.HardFault_Handler) refers to flashdispos.o(i.fal_partition_read) for fal_partition_read
    at32f4xx_it.o(i.HardFault_Handler) refers to flashdispos.o(i.fal_partition_write) for fal_partition_write
    at32f4xx_it.o(i.HardFault_Handler) refers to at32f4xx_it.o(.bss) for .bss
    system_at32f4xx.o(i.SetSysClockTo144M) refers to at32f4xx_rcc.o(i.RCC_PLLFrefTableConfig) for RCC_PLLFrefTableConfig
    system_at32f4xx.o(i.SetSysClockTo144M) refers to at32f4xx_rcc.o(i.RCC_StepModeCmd) for RCC_StepModeCmd
    system_at32f4xx.o(i.SystemCoreClockUpdate) refers to system_at32f4xx.o(.data) for .data
    system_at32f4xx.o(i.SystemInit) refers to at32f4xx_rcc.o(i.RCC_APB1PeriphClockCmd) for RCC_APB1PeriphClockCmd
    system_at32f4xx.o(i.SystemInit) refers to system_at32f4xx.o(i.SetSysClockTo144M) for SetSysClockTo144M
    startup_at32f415cbt7.o(RESET) refers to startup_at32f415cbt7.o(STACK) for __initial_sp
    startup_at32f415cbt7.o(RESET) refers to startup_at32f415cbt7.o(.text) for Reset_Handler
    startup_at32f415cbt7.o(RESET) refers to at32f4xx_it.o(i.NMI_Handler) for NMI_Handler
    startup_at32f415cbt7.o(RESET) refers to at32f4xx_it.o(i.HardFault_Handler) for HardFault_Handler
    startup_at32f415cbt7.o(RESET) refers to at32f4xx_it.o(i.MemManage_Handler) for MemManage_Handler
[...]
    0x080011b0   0x080011b0   0x000000e8   Code   RO         9076    i.APP_SelectUpNChargeRecode  dwin_com_pro.o
    0x08001298   0x08001298   0x00000014   Code   RO         7355    i.APP_SetAppRegisterState  modulea7680c.o
    0x080012ac   0x080012ac   0x00000034   Code   RO         7356    i.APP_SetNetNotConect  modulea7680c.o
    0x080012e0   0x080012e0   0x00000014   Code   RO         7019    i.APP_SetResendBillState  4gmain.o
    0x080012f4   0x080012f4   0x00000004   Code   RO         7020    i.APP_SetResetStartType  4gmain.o
    0x080012f8   0x080012f8   0x0000000c   Code   RO         7357    i.APP_SetSIM7600Mode  modulea7680c.o
    0x08001304   0x08001304   0x00000018   Code   RO         7662    i.APP_SetYKCStartType  ykcframe.o
    0x0800131c   0x0800131c   0x000000d4   Code   RO         7663    i.APP_YKCSENDFEILV  ykcframe.o
    0x080013f0   0x080013f0   0x0000003c   Code   RO         8514    i.Ad_entry          dispkey.o
    0x0800142c   0x0800142c   0x00000028   Code   RO         9078    i.Amount_charging   dwin_com_pro.o
    0x08001454   0x08001454   0x000001a0   Code   RO         7022    i.AppTask4GMain     4gmain.o
    0x080015f4   0x080015f4   0x000003e4   Code   RO         7235    i.AppTask4GRecv     4grecv.o
    0x080019d8   0x080019d8   0x000002c0   Code   RO         7273    i.AppTask4GSend     4gsend.o
    0x08001c98   0x08001c98   0x00000170   Code   RO         7969    i.AppTaskCard       read_nuid.o
    0x08001e08   0x08001e08   0x00000068   Code   RO         6763    i.AppTaskCharge     chtask.o
    0x08001e70   0x08001e70   0x00000180   Code   RO            4    i.AppTaskCreate     main.o
    0x08001ff0   0x08001ff0   0x00000334   Code   RO         9079    i.AppTaskDwin       dwin_com_pro.o
    0x08002324   0x08002324   0x00000304   Code   RO            5    i.AppTaskStart      main.o
    0x08002628   0x08002628   0x0000002c   Code   RO         9080    i.Auto_charging     dwin_com_pro.o
    0x08002654   0x08002654   0x00000010   Code   RO         4967    i.BSP_CPU_ClkFreq   bsp.o
    0x08002664   0x08002664   0x00000008   Code   RO         4968    i.BSP_Init          bsp.o
    0x0800266c   0x0800266c   0x00000046   Code   RO         6869    i.BubbleSort        cp.o
    0x080026b2   0x080026b2   0x00000002   Code   RO          302    i.BusFault_Handler  at32f4xx_it.o
    0x080026b4   0x080026b4   0x00000018   Code   RO         4856    i.CPU_Init          cpu_core.o
    0x080026cc   0x080026cc   0x00000020   Code   RO         4857    i.CPU_NameClr       cpu_core.o
    0x080026ec   0x080026ec   0x0000000c   Code   RO         4863    i.CPU_TS_TmrFreqSet  cpu_core.o
    0x080026f8   0x080026f8   0x00000030   Code   RO         4970    i.CPU_TS_TmrInit    bsp.o
    0x08002728   0x08002728   0x0000000c   Code   RO         4971    i.CPU_TS_TmrRd      bsp.o
    0x08002734   0x08002734   0x00000044   Code   RO         7970    i.Clear_flag        read_nuid.o
    0x08002778   0x08002778   0x0000001c   Code   RO         9081    i.Clear_record      dwin_com_pro.o
    0x08002794   0x08002794   0x00000038   Code   RO         9082    i.Company_code      dwin_com_pro.o
    0x080027cc   0x080027cc   0x000000a0   Code   RO         7023    i.Connect_4G        4gmain.o
    0x0800286c   0x0800286c   0x0000001e   Code   RO         6335    i.DATAHEXtoBCD      ertc.o
    0x0800288a   0x0800288a   0x00000016   Code   RO         1900    i.DMA_ChannelEnable  at32f4xx_dma.o
    0x080028a0   0x080028a0   0x0000001a   Code   RO         1903    i.DMA_DefaultInitParaConfig  at32f4xx_dma.o
    0x080028ba   0x080028ba   0x0000003a   Code   RO         1909    i.DMA_Init          at32f4xx_dma.o
    0x080028f4   0x080028f4   0x000000e4   Code   RO         1910    i.DMA_Reset         at32f4xx_dma.o
    0x080029d8   0x080029d8   0x0000001c   Code   RO         8515    i.DealWithKey       dispkey.o
    0x080029f4   0x080029f4   0x00000002   Code   RO          303    i.DebugMon_Handler  at32f4xx_it.o
    0x080029f6   0x080029f6   0x00000018   Code   RO         8302    i.DelayMS           spi_flash.o
    0x08002a0e   0x08002a0e   0x00000002   PAD
    0x08002a10   0x08002a10   0x00000084   Code   RO         9083    i.Dis_SYSShowTime   dwin_com_pro.o
    0x08002a94   0x08002a94   0x00000048   Code   RO         9035    i.Dis_ShowCopy      dispshowstatus.o
    0x08002adc   0x08002adc   0x00000048   Code   RO         9036    i.Dis_ShowStatus    dispshowstatus.o
    0x08002b24   0x08002b24   0x00000088   Code   RO         9084    i.Dis_ShowTime      dwin_com_pro.o
    0x08002bac   0x08002bac   0x00000048   Code   RO         9037    i.Dis_Showstop_reason  dispshowstatus.o
    0x08002bf4   0x08002bf4   0x000000fc   Code   RO         9085    i.DispShow_NetState  dwin_com_pro.o
    0x08002cf0   0x08002cf0   0x00000148   Code   RO         9086    i.DispShow_Recode   dwin_com_pro.o
    0x08002e38   0x08002e38   0x00000020   Code   RO         9087    i.Disp_Showsettime  dwin_com_pro.o
    0x08002e58   0x08002e58   0x00000038   Code   RO         8777    i.DisplayCommonMenu  dispkeyfunction.o
    0x08002e90   0x08002e90   0x00000052   Code   RO         9413    i.DisplayQRCode     dwinprotocol.o
    0x08002ee2   0x08002ee2   0x00000012   Code   RO         1993    i.ERTC_Bcd2ToByte   at32f4xx_ertc.o
    0x08002ef4   0x08002ef4   0x00000018   Code   RO         1995    i.ERTC_ByteToBcd2   at32f4xx_ertc.o
    0x08002f0c   0x08002f0c   0x00000098   Code   RO         6336    i.ERTC_Config       ertc.o
    0x08002fa4   0x08002fa4   0x0000003c   Code   RO         2004    i.ERTC_EnterInitMode  at32f4xx_ertc.o
    0x08002fe0   0x08002fe0   0x00000010   Code   RO         2005    i.ERTC_ExitInitMode  at32f4xx_ertc.o
    0x08002ff0   0x08002ff0   0x0000005c   Code   RO         2008    i.ERTC_GetDateValue  at32f4xx_ertc.o
    0x0800304c   0x0800304c   0x00000060   Code   RO         2015    i.ERTC_GetTimeValue  at32f4xx_ertc.o
    0x080030ac   0x080030ac   0x00000040   Code   RO         2017    i.ERTC_INTConfig    at32f4xx_ertc.o
    0x080030ec   0x080030ec   0x00000050   Code   RO         2018    i.ERTC_Init         at32f4xx_ertc.o
    0x0800313c   0x0800313c   0x00000014   Code   RO         2021    i.ERTC_ReadBackupRegister  at32f4xx_ertc.o
    0x08003150   0x08003150   0x0000009c   Code   RO         2025    i.ERTC_SetDateValue  at32f4xx_ertc.o
    0x080031ec   0x080031ec   0x000000a0   Code   RO         2026    i.ERTC_SetTimeValue  at32f4xx_ertc.o
    0x0800328c   0x0800328c   0x00000048   Code   RO         6337    i.ERTC_TimeRegulate  ertc.o
    0x080032d4   0x080032d4   0x0000001c   Code   RO         6338    i.ERTC_TimeShow     ertc.o
    0x080032f0   0x080032f0   0x00000040   Code   RO         6339    i.ERTC_TimeStampConfig  ertc.o
    0x08003330   0x08003330   0x0000004c   Code   RO         2042    i.ERTC_WaitForSynchro  at32f4xx_ertc.o
    0x0800337c   0x0800337c   0x00000014   Code   RO         2045    i.ERTC_WriteBackupRegister  at32f4xx_ertc.o
    0x08003390   0x08003390   0x00000070   Code   RO         6419    i.EXTI_Init         at32f4xx_exti.o
    0x08003400   0x08003400   0x00000028   Code   RO         9088    i.Electric_charing  dwin_com_pro.o
    0x08003428   0x08003428   0x000000d0   Code   RO         8305    i.FLASH_Init        spi_flash.o
    0x080034f8   0x080034f8   0x00000024   Code   RO         6293    i.GPIO_Configuration  adc.o
    0x0800351c   0x0800351c   0x000000a2   Code   RO          460    i.GPIO_Init         at32f4xx_gpio.o
    0x080035be   0x080035be   0x00000002   PAD
    0x080035c0   0x080035c0   0x000002ec   Code   RO          462    i.GPIO_PinsRemapConfig  at32f4xx_gpio.o
    0x080038ac   0x080038ac   0x0000000e   Code   RO          464    i.GPIO_ReadInputDataBit  at32f4xx_gpio.o
    0x080038ba   0x080038ba   0x00000004   Code   RO          468    i.GPIO_ResetBits    at32f4xx_gpio.o
    0x080038be   0x080038be   0x00000004   Code   RO          469    i.GPIO_SetBits      at32f4xx_gpio.o
    0x080038c2   0x080038c2   0x00000010   Code   RO          470    i.GPIO_StructInit   at32f4xx_gpio.o
    0x080038d2   0x080038d2   0x00000002   PAD
    0x080038d4   0x080038d4   0x0000000c   Code   RO         8778    i.GetCurMenu        dispkeyfunction.o
    0x080038e0   0x080038e0   0x00000054   Code   RO         6764    i.HLW8112DataDispose  chtask.o
    0x08003934   0x08003934   0x0000006c   Code   RO         6765    i.HLW8112_Dispose   chtask.o
    0x080039a0   0x080039a0   0x000000ec   Code   RO         6009    i.HLW8112_Measure   hlw8112-spi.o
    0x08003a8c   0x08003a8c   0x00000048   Code   RO         6010    i.HLW8112_SPI_ReadByte  hlw8112-spi.o
    0x08003ad4   0x08003ad4   0x0000004c   Code   RO         6012    i.HLW8112_SPI_WriteByte  hlw8112-spi.o
    0x08003b20   0x08003b20   0x00000008   Code   RO         6013    i.HLW8112_SPI_WriteReg  hlw8112-spi.o
    0x08003b28   0x08003b28   0x00000034   Code   RO         6014    i.HLW8112_WriteREG_DIS  hlw8112-spi.o
    0x08003b5c   0x08003b5c   0x00000034   Code   RO         6015    i.HLW8112_WriteREG_EN  hlw8112-spi.o
    0x08003b90   0x08003b90   0x00000002   Code   RO         8779    i.HYDisplayMenu1    dispkeyfunction.o
    0x08003b92   0x08003b92   0x00000002   Code   RO         8780    i.HYDisplayMenu10   dispkeyfunction.o
    0x08003b94   0x08003b94   0x00000002   Code   RO         8781    i.HYDisplayMenu11   dispkeyfunction.o
    0x08003b96   0x08003b96   0x00000002   Code   RO         8782    i.HYDisplayMenu12   dispkeyfunction.o
    0x08003b98   0x08003b98   0x00000002   Code   RO         8783    i.HYDisplayMenu13   dispkeyfunction.o
    0x08003b9a   0x08003b9a   0x00000002   Code   RO         8784    i.HYDisplayMenu14   dispkeyfunction.o
    0x08003b9c   0x08003b9c   0x00000002   Code   RO         8785    i.HYDisplayMenu15   dispkeyfunction.o
    0x08003b9e   0x08003b9e   0x00000002   Code   RO         8786    i.HYDisplayMenu16   dispkeyfunction.o
    0x08003ba0   0x08003ba0   0x00000002   Code   RO         8787    i.HYDisplayMenu17   dispkeyfunction.o
    0x08003ba2   0x08003ba2   0x00000002   Code   RO         8788    i.HYDisplayMenu18   dispkeyfunction.o
    0x08003ba4   0x08003ba4   0x00000002   Code   RO         8789    i.HYDisplayMenu19   dispkeyfunction.o
    0x08003ba6   0x08003ba6   0x00000002   Code   RO         8790    i.HYDisplayMenu2    dispkeyfunction.o
    0x08003ba8   0x08003ba8   0x00000002   Code   RO         8791    i.HYDisplayMenu20   dispkeyfunction.o
    0x08003baa   0x08003baa   0x00000002   Code   RO         8792    i.HYDisplayMenu21   dispkeyfunction.o
    0x08003bac   0x08003bac   0x00000002   Code   RO         8793    i.HYDisplayMenu22   dispkeyfunction.o
    0x08003bae   0x08003bae   0x00000002   Code   RO         8794    i.HYDisplayMenu23   dispkeyfunction.o
    0x08003bb0   0x08003bb0   0x00000002   Code   RO         8796    i.HYDisplayMenu25   dispkeyfunction.o
    0x08003bb2   0x08003bb2   0x00000002   Code   RO         8797    i.HYDisplayMenu26   dispkeyfunction.o
    0x08003bb4   0x08003bb4   0x00000002   Code   RO         8798    i.HYDisplayMenu27   dispkeyfunction.o
    0x08003bb6   0x08003bb6   0x00000002   Code   RO         8799    i.HYDisplayMenu28   dispkeyfunction.o
    0x08003bb8   0x08003bb8   0x00000002   Code   RO         8800    i.HYDisplayMenu3    dispkeyfunction.o
    0x08003bba   0x08003bba   0x00000002   Code   RO         8801    i.HYDisplayMenu30   dispkeyfunction.o
    0x08003bbc   0x08003bbc   0x00000002   Code   RO         8802    i.HYDisplayMenu31   dispkeyfunction.o
    0x08003bbe   0x08003bbe   0x00000002   Code   RO         8803    i.HYDisplayMenu32   dispkeyfunction.o
    0x08003bc0   0x08003bc0   0x00000002   Code   RO         8804    i.HYDisplayMenu33   dispkeyfunction.o
    0x08003bc2   0x08003bc2   0x00000002   Code   RO         8805    i.HYDisplayMenu34   dispkeyfunction.o
    0x08003bc4   0x08003bc4   0x00000002   Code   RO         8806    i.HYDisplayMenu35   dispkeyfunction.o
    0x08003bc6   0x08003bc6   0x00000002   Code   RO         8807    i.HYDisplayMenu36   dispkeyfunction.o
    0x08003bc8   0x08003bc8   0x00000002   Code   RO         8808    i.HYDisplayMenu37   dispkeyfunction.o
    0x08003bca   0x08003bca   0x00000002   Code   RO         8809    i.HYDisplayMenu38   dispkeyfunction.o
    0x08003bcc   0x08003bcc   0x00000002   Code   RO         8810    i.HYDisplayMenu4    dispkeyfunction.o
    0x08003bce   0x08003bce   0x00000002   Code   RO         8811    i.HYDisplayMenu5    dispkeyfunction.o
    0x08003bd0   0x08003bd0   0x00000002   Code   RO         8813    i.HYDisplayMenu7    dispkeyfunction.o
    0x08003bd2   0x08003bd2   0x00000002   Code   RO         8814    i.HYDisplayMenu8    dispkeyfunction.o
    0x08003bd4   0x08003bd4   0x00000002   Code   RO         8815    i.HYDisplayMenu9    dispkeyfunction.o
    0x08003bd6   0x08003bd6   0x00000002   PAD
    0x08003bd8   0x08003bd8   0x00000080   Code   RO         8516    i.HYKeyEvent1       dispkey.o
    0x08003c58   0x08003c58   0x00000020   Code   RO         8517    i.HYKeyEvent10      dispkey.o
    0x08003c78   0x08003c78   0x00000020   Code   RO         8518    i.HYKeyEvent11      dispkey.o
    0x08003c98   0x08003c98   0x0000001c   Code   RO         8519    i.HYKeyEvent12      dispkey.o
    0x08003cb4   0x08003cb4   0x00000088   Code   RO         8520    i.HYKeyEvent13      dispkey.o
    0x08003d3c   0x08003d3c   0x00000088   Code   RO         8521    i.HYKeyEvent14      dispkey.o
    0x08003dc4   0x08003dc4   0x00000024   Code   RO         8522    i.HYKeyEvent15      dispkey.o
    0x08003de8   0x08003de8   0x00000098   Code   RO         8523    i.HYKeyEvent16      dispkey.o
    0x08003e80   0x08003e80   0x00000050   Code   RO         8524    i.HYKeyEvent17      dispkey.o
    0x08003ed0   0x08003ed0   0x00000050   Code   RO         8525    i.HYKeyEvent18      dispkey.o
    0x08003f20   0x08003f20   0x00000050   Code   RO         8526    i.HYKeyEvent19      dispkey.o
    0x08003f70   0x08003f70   0x0000002c   Code   RO         8527    i.HYKeyEvent2       dispkey.o
    0x08003f9c   0x08003f9c   0x00000050   Code   RO         8528    i.HYKeyEvent20      dispkey.o
    0x08003fec   0x08003fec   0x00000018   Code   RO         8529    i.HYKeyEvent21      dispkey.o
    0x08004004   0x08004004   0x00000024   Code   RO         8530    i.HYKeyEvent22      dispkey.o
    0x08004028   0x08004028   0x00000018   Code   RO         8531    i.HYKeyEvent23      dispkey.o
    0x08004040   0x08004040   0x00000044   Code   RO         8533    i.HYKeyEvent25      dispkey.o
    0x08004084   0x08004084   0x00000014   Code   RO         8534    i.HYKeyEvent26      dispkey.o
    0x08004098   0x08004098   0x00000024   Code   RO         8535    i.HYKeyEvent27      dispkey.o
    0x080040bc   0x080040bc   0x0000001c   Code   RO         8536    i.HYKeyEvent28      dispkey.o
    0x080040d8   0x080040d8   0x00000030   Code   RO         8537    i.HYKeyEvent3       dispkey.o
    0x08004108   0x08004108   0x00000030   Code   RO         8538    i.HYKeyEvent30      dispkey.o
    0x08004138   0x08004138   0x00000024   Code   RO         8539    i.HYKeyEvent31      dispkey.o
    0x0800415c   0x0800415c   0x00000018   Code   RO         8540    i.HYKeyEvent32      dispkey.o
    0x08004174   0x08004174   0x00000018   Code   RO         8541    i.HYKeyEvent33      dispkey.o
    0x0800418c   0x0800418c   0x00000018   Code   RO         8542    i.HYKeyEvent34      dispkey.o
    0x080041a4   0x080041a4   0x00000018   Code   RO         8543    i.HYKeyEvent35      dispkey.o
    0x080041bc   0x080041bc   0x00000018   Code   RO         8544    i.HYKeyEvent36      dispkey.o
    0x080041d4   0x080041d4   0x00000018   Code   RO         8545    i.HYKeyEvent37      dispkey.o
    0x080041ec   0x080041ec   0x00000018   Code   RO         8546    i.HYKeyEvent38      dispkey.o
    0x08004204   0x08004204   0x00000002   Code   RO         8547    i.HYKeyEvent4       dispkey.o
    0x08004206   0x08004206   0x00000002   PAD
    0x08004208   0x08004208   0x00000018   Code   RO         8548    i.HYKeyEvent5       dispkey.o
    0x08004220   0x08004220   0x00000020   Code   RO         8550    i.HYKeyEvent7       dispkey.o
    0x08004240   0x08004240   0x00000020   Code   RO         8551    i.HYKeyEvent8       dispkey.o
    0x08004260   0x08004260   0x00000020   Code   RO         8552    i.HYKeyEvent9       dispkey.o
    0x08004280   0x08004280   0x0000005c   Code   RO          304    i.HardFault_Handler  at32f4xx_it.o
    0x080042dc   0x080042dc   0x00000026   Code   RO            6    i.IWDG_Config       main.o
    0x08004302   0x08004302   0x00000002   PAD
    0x08004304   0x08004304   0x00000010   Code   RO         2977    i.IWDG_Enable       at32f4xx_iwdg.o
    0x08004314   0x08004314   0x0000000c   Code   RO         2979    i.IWDG_KeyRegWrite  at32f4xx_iwdg.o
    0x08004320   0x08004320   0x00000010   Code   RO         2980    i.IWDG_ReloadCounter  at32f4xx_iwdg.o
    0x08004330   0x08004330   0x0000000c   Code   RO         2981    i.IWDG_SetPrescaler  at32f4xx_iwdg.o
    0x0800433c   0x0800433c   0x0000000c   Code   RO         2982    i.IWDG_SetReload    at32f4xx_iwdg.o
    0x08004348   0x08004348   0x00000190   Code   RO         6016    i.Init_HLW8112      hlw8112-spi.o
    0x080044d8   0x080044d8   0x00000268   Code   RO         6017    i.Judge_CheckSum_HLW8112_Calfactor  hlw8112-spi.o
    0x08004740   0x08004740   0x00000020   Code   RO            8    i.JumpToProgramCode  main.o
    0x08004760   0x08004760   0x00000024   Code   RO         9417    i.LCD_SendByteToBuf  dwinprotocol.o
    0x08004784   0x08004784   0x00000014   Code   RO         9418    i.LCD_SendFourBytes  dwinprotocol.o
    0x08004798   0x08004798   0x00000028   Code   RO         9419    i.LCD_SendToUart    dwinprotocol.o
    0x080047c0   0x080047c0   0x00000014   Code   RO         9420    i.LCD_SendTwoBytes  dwinprotocol.o
    0x080047d4   0x080047d4   0x00000170   Code   RO         5971    i.Mcu_Io_Init       device.o
    0x08004944   0x08004944   0x00000002   Code   RO          305    i.MemManage_Handler  at32f4xx_it.o
    0x08004946   0x08004946   0x00000008   Code   RO         3379    i.Mem_Clr           lib_mem.o
    0x0800494e   0x0800494e   0x00000002   PAD
    0x08004950   0x08004950   0x00000044   Code   RO         3395    i.Mem_Set           lib_mem.o
    0x08004994   0x08004994   0x000000f4   Code   RO         7358    i.ModuleSIM7600_ConnectServer  modulea7680c.o
    0x08004a88   0x08004a88   0x0000013c   Code   RO         7360    i.ModuleSIM7600_SendData  modulea7680c.o
    0x08004bc4   0x08004bc4   0x0000008c   Code   RO         7361    i.Module_ConnectServer  modulea7680c.o
    0x08004c50   0x08004c50   0x000001d0   Code   RO         7362    i.Module_FTPDownload  modulea7680c.o
    0x08004e20   0x08004e20   0x00000218   Code   RO         7363    i.Module_SIM7600Test  modulea7680c.o
    0x08005038   0x08005038   0x00000070   Code   RO         9089    i.Munu12_CodeDispose  dwin_com_pro.o
    0x080050a8   0x080050a8   0x00000064   Code   RO         9090    i.Munu13_DevnumDispose  dwin_com_pro.o
    0x0800510c   0x0800510c   0x00000050   Code   RO         9091    i.Munu13_IP1Sert    dwin_com_pro.o
    0x0800515c   0x0800515c   0x00000050   Code   RO         9092    i.Munu13_IP2Sert    dwin_com_pro.o
    0x080051ac   0x080051ac   0x00000050   Code   RO         9093    i.Munu13_IP3Sert    dwin_com_pro.o
    0x080051fc   0x080051fc   0x00000050   Code   RO         9094    i.Munu13_IP4Sert    dwin_com_pro.o
    0x0800524c   0x0800524c   0x00000034   Code   RO         9095    i.Munu13_PortSert   dwin_com_pro.o
    0x08005280   0x08005280   0x00000138   Code   RO         9096    i.Munu13_ShowSysInfo  dwin_com_pro.o
    0x080053b8   0x080053b8   0x0000064c   Code   RO         9097    i.Munu27_ShowSysInfo  dwin_com_pro.o
    0x08005a04   0x08005a04   0x00000002   Code   RO          306    i.NMI_Handler       at32f4xx_it.o
    0x08005a06   0x08005a06   0x00000002   PAD
    0x08005a08   0x08005a08   0x00000064   Code   RO         1009    i.NVIC_Init         misc.o
    0x08005a6c   0x08005a6c   0x00000014   Code   RO         1010    i.NVIC_PriorityGroupConfig  misc.o
    0x08005a80   0x08005a80   0x00000002   Code   RO         3648    i.OSCfg_Init        os_cfg_app.o
    0x08005a82   0x08005a82   0x00000002   PAD
    0x08005a84   0x08005a84   0x00000010   Code   RO         3157    i.OSIdleTaskHook    os_cpu_c.o
    0x08005a94   0x08005a94   0x00000158   Code   RO         3712    i.OSInit            os_core.o
    0x08005bec   0x08005bec   0x00000024   Code   RO         3158    i.OSInitHook        os_cpu_c.o
    0x08005c10   0x08005c10   0x00000020   Code   RO         3713    i.OSIntEnter        os_core.o
    0x08005c30   0x08005c30   0x00000084   Code   RO         3714    i.OSIntExit         os_core.o
    0x08005cb4   0x08005cb4   0x0000006c   Code   RO         4098    i.OSMutexCreate     os_mutex.o
    0x08005d20   0x08005d20   0x000001a0   Code   RO         4100    i.OSMutexPend       os_mutex.o
    0x08005ec0   0x08005ec0   0x00000128   Code   RO         4102    i.OSMutexPost       os_mutex.o
    0x08005fe8   0x08005fe8   0x00000070   Code   RO         4201    i.OSQCreate         os_q.o
    0x08006058   0x08006058   0x00000150   Code   RO         4204    i.OSQPend           os_q.o
    0x080061a8   0x080061a8   0x00000078   Code   RO         4206    i.OSQPost           os_q.o
    0x08006220   0x08006220   0x00000074   Code   RO         3715    i.OSSched           os_core.o
    0x08006294   0x08006294   0x00000054   Code   RO         3716    i.OSSchedLock       os_core.o
    0x080062e8   0x080062e8   0x00000068   Code   RO         3717    i.OSSchedUnlock     os_core.o
    0x08006350   0x08006350   0x00000058   Code   RO         3718    i.OSStart           os_core.o
    0x080063a8   0x080063a8   0x000000b4   Code   RO         4345    i.OSStatReset       os_stat.o
    0x0800645c   0x0800645c   0x0000009c   Code   RO         4346    i.OSStatTaskCPUUsageInit  os_stat.o
    0x080064f8   0x080064f8   0x00000010   Code   RO         3159    i.OSStatTaskHook    os_cpu_c.o
    0x08006508   0x08006508   0x00000150   Code   RO         4376    i.OSTaskCreate      os_task.o
    0x08006658   0x08006658   0x00000010   Code   RO         3160    i.OSTaskCreateHook  os_cpu_c.o
    0x08006668   0x08006668   0x000000cc   Code   RO         4377    i.OSTaskDel         os_task.o
    0x08006734   0x08006734   0x00000010   Code   RO         3161    i.OSTaskDelHook     os_cpu_c.o
    0x08006744   0x08006744   0x00000048   Code   RO         4385    i.OSTaskResume      os_task.o
    0x0800678c   0x0800678c   0x00000010   Code   RO         3162    i.OSTaskReturnHook  os_cpu_c.o
    0x0800679c   0x0800679c   0x00000120   Code   RO         4386    i.OSTaskSemPend     os_task.o
    0x080068bc   0x080068bc   0x0000002e   Code   RO         4388    i.OSTaskSemPost     os_task.o
    0x080068ea   0x080068ea   0x00000002   PAD
    0x080068ec   0x080068ec   0x00000094   Code   RO         4390    i.OSTaskStkChk      os_task.o
    0x08006980   0x08006980   0x00000074   Code   RO         3163    i.OSTaskStkInit     os_cpu_c.o
    0x080069f4   0x080069f4   0x00000028   Code   RO         4391    i.OSTaskSuspend     os_task.o
    0x08006a1c   0x08006a1c   0x00000058   Code   RO         3164    i.OSTaskSwHook      os_cpu_c.o
    0x08006a74   0x08006a74   0x00000088   Code   RO         4589    i.OSTimeDly         os_time.o
    0x08006afc   0x08006afc   0x0000001c   Code   RO         4592    i.OSTimeGet         os_time.o
    0x08006b18   0x08006b18   0x0000003c   Code   RO         4594    i.OSTimeTick        os_time.o
    0x08006b54   0x08006b54   0x00000010   Code   RO         3165    i.OSTimeTickHook    os_cpu_c.o
    0x08006b64   0x08006b64   0x00000028   Code   RO         3166    i.OS_CPU_SysTickInit  os_cpu_c.o
    0x08006b8c   0x08006b8c   0x00000002   Code   RO         3920    i.OS_Dbg_Init       os_dbg.o
    0x08006b8e   0x08006b8e   0x00000002   PAD
    0x08006b90   0x08006b90   0x00000018   Code   RO         3947    i.OS_FlagInit       os_flag.o
    0x08006ba8   0x08006ba8   0x00000028   Code   RO         3720    i.OS_IdleTask       os_core.o
    0x08006bd0   0x08006bd0   0x00000068   Code   RO         3721    i.OS_IdleTaskInit   os_core.o
    0x08006c38   0x08006c38   0x00000018   Code   RO         4030    i.OS_MemInit        os_mem.o
    0x08006c50   0x08006c50   0x00000068   Code   RO         4062    i.OS_MsgPoolInit    os_msg.o
    0x08006cb8   0x08006cb8   0x00000034   Code   RO         4063    i.OS_MsgQFreeAll    os_msg.o
    0x08006cec   0x08006cec   0x00000058   Code   RO         4064    i.OS_MsgQGet        os_msg.o
    0x08006d44   0x08006d44   0x0000000e   Code   RO         4065    i.OS_MsgQInit       os_msg.o
    0x08006d52   0x08006d52   0x00000002   PAD
    0x08006d54   0x08006d54   0x00000088   Code   RO         4066    i.OS_MsgQPut        os_msg.o
    0x08006ddc   0x08006ddc   0x00000024   Code   RO         4104    i.OS_MutexDbgListAdd  os_mutex.o
    0x08006e00   0x08006e00   0x00000018   Code   RO         4106    i.OS_MutexInit      os_mutex.o
    0x08006e18   0x08006e18   0x00000050   Code   RO         3722    i.OS_Pend           os_core.o
    0x08006e68   0x08006e68   0x00000030   Code   RO         3725    i.OS_PendDataInit   os_core.o
    0x08006e98   0x08006e98   0x00000048   Code   RO         3726    i.OS_PendDbgNameAdd  os_core.o
    0x08006ee0   0x08006ee0   0x0000001c   Code   RO         3727    i.OS_PendDbgNameRemove  os_core.o
    0x08006efc   0x08006efc   0x00000032   Code   RO         3728    i.OS_PendListChangePrio  os_core.o
    0x08006f2e   0x08006f2e   0x0000000a   Code   RO         3729    i.OS_PendListInit   os_core.o
    0x08006f38   0x08006f38   0x0000005a   Code   RO         3731    i.OS_PendListInsertPrio  os_core.o
    0x08006f92   0x08006f92   0x00000026   Code   RO         3732    i.OS_PendListRemove  os_core.o
    0x08006fb8   0x08006fb8   0x00000036   Code   RO         3733    i.OS_PendListRemove1  os_core.o
    0x08006fee   0x08006fee   0x000000b2   Code   RO         3736    i.OS_Post           os_core.o
    0x080070a0   0x080070a0   0x00000026   Code   RO         3737    i.OS_Post1          os_core.o
    0x080070c6   0x080070c6   0x00000002   PAD
    0x080070c8   0x080070c8   0x00000024   Code   RO         4164    i.OS_PrioGetHighest  os_prio.o
    0x080070ec   0x080070ec   0x00000018   Code   RO         4165    i.OS_PrioInit       os_prio.o
    0x08007104   0x08007104   0x00000020   Code   RO         4166    i.OS_PrioInsert     os_prio.o
    0x08007124   0x08007124   0x00000020   Code   RO         4167    i.OS_PrioRemove     os_prio.o
    0x08007144   0x08007144   0x00000024   Code   RO         4208    i.OS_QDbgListAdd    os_q.o
    0x08007168   0x08007168   0x00000018   Code   RO         4210    i.OS_QInit          os_q.o
    0x08007180   0x08007180   0x00000084   Code   RO         4211    i.OS_QPost          os_q.o
    0x08007204   0x08007204   0x00000024   Code   RO         3738    i.OS_RdyListInit    os_core.o
    0x08007228   0x08007228   0x00000030   Code   RO         3739    i.OS_RdyListInsert  os_core.o
    0x08007258   0x08007258   0x00000038   Code   RO         3740    i.OS_RdyListInsertHead  os_core.o
    0x08007290   0x08007290   0x00000034   Code   RO         3741    i.OS_RdyListInsertTail  os_core.o
    0x080072c4   0x080072c4   0x00000054   Code   RO         3743    i.OS_RdyListRemove  os_core.o
    0x08007318   0x08007318   0x0000001c   Code   RO         3744    i.OS_SchedLockTimeMeasStart  os_core.o
    0x08007334   0x08007334   0x0000003c   Code   RO         3745    i.OS_SchedLockTimeMeasStop  os_core.o
    0x08007370   0x08007370   0x00000018   Code   RO         4282    i.OS_SemInit        os_sem.o
    0x08007388   0x08007388   0x000001f8   Code   RO         4347    i.OS_StatTask       os_stat.o
    0x08007580   0x08007580   0x000000bc   Code   RO         4348    i.OS_StatTaskInit   os_stat.o
    0x0800763c   0x0800763c   0x00000028   Code   RO         3746    i.OS_TaskBlock      os_core.o
    0x08007664   0x08007664   0x00000024   Code   RO         4392    i.OS_TaskDbgListAdd  os_task.o
    0x08007688   0x08007688   0x00000038   Code   RO         4393    i.OS_TaskDbgListRemove  os_task.o
    0x080076c0   0x080076c0   0x00000020   Code   RO         4394    i.OS_TaskInit       os_task.o
    0x080076e0   0x080076e0   0x000000a8   Code   RO         4395    i.OS_TaskInitTCB    os_task.o
    0x08007788   0x08007788   0x000000a8   Code   RO         4397    i.OS_TaskResume     os_task.o
    0x08007830   0x08007830   0x00000018   Code   RO         4398    i.OS_TaskReturn     os_task.o
    0x08007848   0x08007848   0x00000098   Code   RO         4399    i.OS_TaskSemPost    os_task.o
    0x080078e0   0x080078e0   0x00000098   Code   RO         4400    i.OS_TaskSuspend    os_task.o
    0x08007978   0x08007978   0x0000005e   Code   RO         4537    i.OS_TickListInsert  os_tick.o
    0x080079d6   0x080079d6   0x00000002   PAD
    0x080079d8   0x080079d8   0x0000007c   Code   RO         4538    i.OS_TickListInsertDly  os_tick.o
    0x08007a54   0x08007a54   0x00000040   Code   RO         4539    i.OS_TickListRemove  os_tick.o
    0x08007a94   0x08007a94   0x00000002   Code   RO         4540    i.OS_TickListResetPeak  os_tick.o
    0x08007a96   0x08007a96   0x00000002   PAD
    0x08007a98   0x08007a98   0x0000007c   Code   RO         4541    i.OS_TickListUpdateDly  os_tick.o
    0x08007b14   0x08007b14   0x000000b0   Code   RO         4542    i.OS_TickListUpdateTimeout  os_tick.o
    0x08007bc4   0x08007bc4   0x00000054   Code   RO         4543    i.OS_TickTask       os_tick.o
    0x08007c18   0x08007c18   0x000000b4   Code   RO         4544    i.OS_TickTaskInit   os_tick.o
    0x08007ccc   0x08007ccc   0x00000118   Code   RO         4640    i.OS_TmrInit        os_tmr.o
    0x08007de4   0x08007de4   0x00000018   Code   RO         4641    i.OS_TmrLock        os_tmr.o
    0x08007dfc   0x08007dfc   0x00000002   Code   RO         4642    i.OS_TmrResetPeak   os_tmr.o
    0x08007dfe   0x08007dfe   0x00000002   PAD
    0x08007e00   0x08007e00   0x00000098   Code   RO         4643    i.OS_TmrTask        os_tmr.o
    0x08007e98   0x08007e98   0x0000003c   Code   RO         4644    i.OS_TmrUnlink      os_tmr.o
    0x08007ed4   0x08007ed4   0x00000014   Code   RO         4645    i.OS_TmrUnlock      os_tmr.o
    0x08007ee8   0x08007ee8   0x0000000c   Code   RO         2348    i.PWR_BackupAccessCtrl  at32f4xx_pwr.o
    0x08007ef4   0x08007ef4   0x0000009c   Code   RO         9098    i.Period_WriterFmBill  dwin_com_pro.o
    0x08007f90   0x08007f90   0x00000044   Code   RO         9421    i.PraPerprintBackImage  dwinprotocol.o
    0x08007fd4   0x08007fd4   0x0000000a   Code   RO         7024    i.Pre4GBill         4gmain.o
    0x08007fde   0x08007fde   0x00000002   PAD
    0x08007fe0   0x08007fe0   0x00000244   Code   RO         7664    i.PreYKCBill        ykcframe.o
    0x08008224   0x08008224   0x00000004   Code   RO         9422    i.PrintBackImage    dwinprotocol.o
    0x08008228   0x08008228   0x0000002e   Code   RO         9424    i.PrintIcon         dwinprotocol.o
    0x08008256   0x08008256   0x0000002e   Code   RO         9426    i.PrintNum16uVariable  dwinprotocol.o
    0x08008284   0x08008284   0x0000002e   Code   RO         9427    i.PrintNum32uVariable  dwinprotocol.o
    0x080082b2   0x080082b2   0x00000054   Code   RO         9429    i.PrintStr          dwinprotocol.o
    0x08008306   0x08008306   0x00000066   Code   RO         8103    i.RC522_CalulateCRC  rc522.o
    0x0800836c   0x0800836c   0x00000018   Code   RO         8104    i.RC522_ClearBitMask  rc522.o
    0x08008384   0x08008384   0x000000bc   Code   RO         8105    i.RC522_GPIOInit    rc522.o
    0x08008440   0x08008440   0x00000034   Code   RO         8106    i.RC522_Init        rc522.o
    0x08008474   0x08008474   0x00000062   Code   RO         8107    i.RC522_M500PcdConfigISOType  rc522.o
    0x080084d6   0x080084d6   0x00000008   Code   RO         8108    i.RC522_PcdAntennaOff  rc522.o
    0x080084de   0x080084de   0x0000001a   Code   RO         8109    i.RC522_PcdAntennaOn  rc522.o
    0x080084f8   0x080084f8   0x0000006a   Code   RO         8110    i.RC522_PcdAnticoll  rc522.o
    0x08008562   0x08008562   0x00000052   Code   RO         8111    i.RC522_PcdAuthState  rc522.o
    0x080085b4   0x080085b4   0x00000120   Code   RO         8113    i.RC522_PcdComMF522  rc522.o
    0x080086d4   0x080086d4   0x0000004c   Code   RO         8115    i.RC522_PcdRead     rc522.o
    0x08008720   0x08008720   0x00000052   Code   RO         8116    i.RC522_PcdRequest  rc522.o
    0x08008772   0x08008772   0x00000002   PAD
    0x08008774   0x08008774   0x00000088   Code   RO         8117    i.RC522_PcdReset    rc522.o
    0x080087fc   0x080087fc   0x00000064   Code   RO         8118    i.RC522_PcdSelect   rc522.o
    0x08008860   0x08008860   0x000000c0   Code   RO         8119    i.RC522_PcdValue    rc522.o
    0x08008920   0x08008920   0x00000084   Code   RO         8120    i.RC522_PcdWrite    rc522.o
    0x080089a4   0x080089a4   0x00000064   Code   RO         8121    i.RC522_ReadCard    rc522.o
    0x08008a08   0x08008a08   0x00000038   Code   RO         8122    i.RC522_ReadRawRC   rc522.o
    0x08008a40   0x08008a40   0x00000084   Code   RO         8123    i.RC522_ReadWriteByte  rc522.o
    0x08008ac4   0x08008ac4   0x00000020   Code   RO         8124    i.RC522_Reset       rc522.o
    0x08008ae4   0x08008ae4   0x00000018   Code   RO         8125    i.RC522_SetBitMask  rc522.o
    0x08008afc   0x08008afc   0x00000064   Code   RO         8127    i.RC522_WriteCard   rc522.o
    0x08008b60   0x08008b60   0x00000038   Code   RO         8128    i.RC522_WriteRawRC  rc522.o
    0x08008b98   0x08008b98   0x00000018   Code   RO          581    i.RCC_ADCCLKConfig  at32f4xx_rcc.o
    0x08008bb0   0x08008bb0   0x00000018   Code   RO          583    i.RCC_AHBPeriphClockCmd  at32f4xx_rcc.o
    0x08008bc8   0x08008bc8   0x00000018   Code   RO          585    i.RCC_APB1PeriphClockCmd  at32f4xx_rcc.o
    0x08008be0   0x08008be0   0x00000018   Code   RO          588    i.RCC_APB2PeriphClockCmd  at32f4xx_rcc.o
    0x08008bf8   0x08008bf8   0x0000000c   Code   RO          590    i.RCC_BackupResetCmd  at32f4xx_rcc.o
    0x08008c04   0x08008c04   0x00000020   Code   RO         6294    i.RCC_Configuration_  adc.o
    0x08008c24   0x08008c24   0x0000000c   Code   RO          594    i.RCC_ERTCCLKCmd    at32f4xx_rcc.o
    0x08008c30   0x08008c30   0x00000010   Code   RO          595    i.RCC_ERTCCLKConfig  at32f4xx_rcc.o
    0x08008c40   0x08008c40   0x00000150   Code   RO          596    i.RCC_GetClocksFreq  at32f4xx_rcc.o
    0x08008d90   0x08008d90   0x00000030   Code   RO          597    i.RCC_GetFlagStatus  at32f4xx_rcc.o
    0x08008dc0   0x08008dc0   0x00000020   Code   RO          606    i.RCC_LSEConfig     at32f4xx_rcc.o
    0x08008de0   0x08008de0   0x000000ac   Code   RO          610    i.RCC_PLLFrefTableConfig  at32f4xx_rcc.o
    0x08008e8c   0x08008e8c   0x0000001c   Code   RO          616    i.RCC_StepModeCmd   at32f4xx_rcc.o
    0x08008ea8   0x08008ea8   0x00000064   Code   RO         7025    i.ReSendBill        4gmain.o
    0x08008f0c   0x08008f0c   0x0000002e   Code   RO         9433    i.ReadDwinVariable  dwinprotocol.o
    0x08008f3a   0x08008f3a   0x00000002   PAD
    0x08008f3c   0x08008f3c   0x0000006c   Code   RO         9099    i.ReadFmBill        dwin_com_pro.o
    0x08008fa8   0x08008fa8   0x000000d4   Code   RO         6019    i.Read_HLW8112_EA   hlw8112-spi.o
    0x0800907c   0x0800907c   0x00000054   Code   RO         6023    i.Read_HLW8112_PA_I  hlw8112-spi.o
    0x080090d0   0x080090d0   0x0000004c   Code   RO         6027    i.Read_HLW8112_RegData  hlw8112-spi.o
    0x0800911c   0x0800911c   0x00000058   Code   RO         6029    i.Read_HLW8112_U    hlw8112-spi.o
    0x08009174   0x08009174   0x0000002c   Code   RO         9100    i.Recordqueryinfo_WR  dwin_com_pro.o
    0x080091a0   0x080091a0   0x00000030   Code   RO         7364    i.Recv_AT_CGDCONT_Ack  modulea7680c.o
    0x080091d0   0x080091d0   0x00000040   Code   RO         7365    i.Recv_AT_CIMI_Ack  modulea7680c.o
    0x08009210   0x08009210   0x00000030   Code   RO         7366    i.Recv_AT_CIPMODE_Ack  modulea7680c.o
    0x08009240   0x08009240   0x0000005c   Code   RO         7367    i.Recv_AT_CSQ_Ack   modulea7680c.o
    0x0800929c   0x0800929c   0x000000a0   Code   RO         7368    i.Recv_AT_ConnectServer0Cmd_Ack  modulea7680c.o
    0x0800933c   0x0800933c   0x00000078   Code   RO         7369    i.Recv_AT_ConnectServer0_Ack  modulea7680c.o
    0x080093b4   0x080093b4   0x00000088   Code   RO         7370    i.Recv_AT_ConnectServer1Cmd_Ack  modulea7680c.o
    0x0800943c   0x0800943c   0x00000078   Code   RO         7371    i.Recv_AT_ConnectServer1_Ack  modulea7680c.o
    0x080094b4   0x080094b4   0x0000001c   Code   RO         7372    i.Recv_AT_EnterATCmd_Ack  modulea7680c.o
    0x080094d0   0x080094d0   0x00000030   Code   RO         7373    i.Recv_AT_NETOPEN_Ack  modulea7680c.o
    0x08009500   0x08009500   0x00000098   Code   RO         7374    i.Recv_AT_ReRecv0Cmd_Ack  modulea7680c.o
    0x08009598   0x08009598   0x00000098   Code   RO         7375    i.Recv_AT_ReRecv1Cmd_Ack  modulea7680c.o
    0x08009630   0x08009630   0x0000004c   Code   RO         7376    i.Recv_AT_SendAck0Cmd_Ack  modulea7680c.o
    0x0800967c   0x0800967c   0x0000004c   Code   RO         7377    i.Recv_AT_SendAck1Cmd_Ack  modulea7680c.o
    0x080096c8   0x080096c8   0x00000030   Code   RO         7378    i.Recv_AT_SetReAct_Ack  modulea7680c.o
    0x080096f8   0x080096f8   0x0000000c   Code   RO         7379    i.Recv_ActRecv0_Ack  modulea7680c.o
    0x08009704   0x08009704   0x0000000c   Code   RO         7380    i.Recv_ActRecv1_Ack  modulea7680c.o
    0x08009710   0x08009710   0x00000012   Code   RO         7381    i.SIM7600CloseNet   modulea7680c.o
    0x08009722   0x08009722   0x00000002   PAD
    0x08009724   0x08009724   0x00000128   Code   RO         7382    i.SIM7600Reset      modulea7680c.o
    0x0800984c   0x0800984c   0x00000130   Code   RO         7383    i.SIM7600Reset123   modulea7680c.o
    0x0800997c   0x0800997c   0x00000058   Code   RO         7384    i.SIM7600_RecvDesposeCmd  modulea7680c.o
    0x080099d4   0x080099d4   0x00000050   Code   RO         8314    i.SPI_FLASH_BufferRead  spi_flash.o
    0x08009a24   0x08009a24   0x0000007c   Code   RO         8315    i.SPI_FLASH_BufferWrite  spi_flash.o
    0x08009aa0   0x08009aa0   0x0000005c   Code   RO         8319    i.SPI_FLASH_PageWrite  spi_flash.o
    0x08009afc   0x08009afc   0x0000003c   Code   RO         8320    i.SPI_FLASH_ReadByte  spi_flash.o
    0x08009b38   0x08009b38   0x00000040   Code   RO         8321    i.SPI_FLASH_ReadID  spi_flash.o
    0x08009b78   0x08009b78   0x00000048   Code   RO         8322    i.SPI_FLASH_SectorErase  spi_flash.o
    0x08009bc0   0x08009bc0   0x00000040   Code   RO         8323    i.SPI_FLASH_SendByte  spi_flash.o
    0x08009c00   0x08009c00   0x0000003c   Code   RO         8324    i.SPI_FLASH_WaitForWriteEnd  spi_flash.o
    0x08009c3c   0x08009c3c   0x00000024   Code   RO         8325    i.SPI_FLASH_WriteDisable  spi_flash.o
    0x08009c60   0x08009c60   0x00000024   Code   RO         8326    i.SPI_FLASH_WriteEnable  spi_flash.o
    0x08009c84   0x08009c84   0x00000058   Code   RO         8327    i.SPI_FLASH_WriteStatus  spi_flash.o
    0x08009cdc   0x08009cdc   0x00000034   Code   RO         7385    i.Send_AT_CGDCONT   modulea7680c.o
    0x08009d10   0x08009d10   0x00000078   Code   RO         7386    i.Send_AT_CIPCLOSE  modulea7680c.o
    0x08009d88   0x08009d88   0x00000028   Code   RO         7387    i.Send_AT_CIPMODE   modulea7680c.o
    0x08009db0   0x08009db0   0x00000080   Code   RO         7388    i.Send_AT_CIPRXGET  modulea7680c.o
    0x08009e30   0x08009e30   0x00000024   Code   RO         7389    i.Send_AT_CSQ       modulea7680c.o
    0x08009e54   0x08009e54   0x00000028   Code   RO         7390    i.Send_AT_NETCLOSE  modulea7680c.o
    0x08009e7c   0x08009e7c   0x00000074   Code   RO         7391    i.Send_AT_ftpdwonload  modulea7680c.o
    0x08009ef0   0x08009ef0   0x00000074   Code   RO         7392    i.Send_AT_ftpdwonloadsize  modulea7680c.o
    0x08009f64   0x08009f64   0x00000040   Code   RO         7393    i.Send_AT_ftpdwonloadsizeACK  modulea7680c.o
    0x08009fa4   0x08009fa4   0x0000002c   Code   RO         7394    i.Send_AT_ftpdwonloadtype  modulea7680c.o
    0x08009fd0   0x08009fd0   0x00000048   Code   RO         7395    i.Send_AT_ftpdwonloadtypeACK  modulea7680c.o
    0x0800a018   0x0800a018   0x000000a0   Code   RO         7396    i.Send_AT_ftplogin  modulea7680c.o
    0x0800a0b8   0x0800a0b8   0x0000002c   Code   RO         7397    i.Send_AT_ftploginACK  modulea7680c.o
    0x0800a0e4   0x0800a0e4   0x0000002c   Code   RO         7398    i.Send_AT_ftploginout  modulea7680c.o
    0x0800a110   0x0800a110   0x00000028   Code   RO         7399    i.Send_AT_startftp  modulea7680c.o
    0x0800a138   0x0800a138   0x00000048   Code   RO         7400    i.Send_AT_startftpACK  modulea7680c.o
    0x0800a180   0x0800a180   0x000000dc   Code   RO          404    i.SetSysClockTo144M  system_at32f4xx.o
    0x0800a25c   0x0800a25c   0x00000030   Code   RO         9437    i.SetVariColor      dwinprotocol.o
    0x0800a28c   0x0800a28c   0x000000dc   Code   RO         6033    i.Set_V_Zero        hlw8112-spi.o
    0x0800a368   0x0800a368   0x00000060   Code   RO         9101    i.Set_judge_rete_info  dwin_com_pro.o
    0x0800a3c8   0x0800a3c8   0x000000b8   Code   RO         6034    i.Set_underVoltage  hlw8112-spi.o
    0x0800a480   0x0800a480   0x00000088   Code   RO         8330    i.Spi_Flash_Io_Init  spi_flash.o
    0x0800a508   0x0800a508   0x00000020   Code   RO         9102    i.StoreRecodeCurNum  dwin_com_pro.o
    0x0800a528   0x0800a528   0x00000038   Code   RO         9103    i.StrToHex          dwin_com_pro.o
    0x0800a560   0x0800a560   0x0000000a   Code   RO         6870    i.Swap              cp.o
    0x0800a56a   0x0800a56a   0x00000018   Code   RO         1013    i.SysTick_CLKSourceConfig  misc.o
    0x0800a582   0x0800a582   0x00000002   PAD
    0x0800a584   0x0800a584   0x00000030   Code   RO         5862    i.SysTick_Handler   delay.o
    0x0800a5b4   0x0800a5b4   0x00000080   Code   RO          406    i.SystemInit        system_at32f4xx.o
    0x0800a634   0x0800a634   0x00000028   Code   RO         5972    i.SystemReset       device.o
    0x0800a65c   0x0800a65c   0x000000a0   Code   RO         6204    i.TIM2_PWM_Conrtol  timer.o
    0x0800a6fc   0x0800a6fc   0x00000054   Code   RO         6205    i.TIM3_Int_Init     timer.o
    0x0800a750   0x0800a750   0x00000050   Code   RO         6206    i.TIM4_Int_Init     timer.o
    0x0800a7a0   0x0800a7a0   0x00000060   Code   RO         6207    i.TMR3_GLOBAL_IRQHandler  timer.o
    0x0800a800   0x0800a800   0x00000040   Code   RO         6208    i.TMR4_GLOBAL_IRQHandler  timer.o
    0x0800a840   0x0800a840   0x00000014   Code   RO         2440    i.TMR_Cmd           at32f4xx_tim.o
    0x0800a854   0x0800a854   0x00000078   Code   RO         2474    i.TMR_OC2Init       at32f4xx_tim.o
    0x0800a8cc   0x0800a8cc   0x00000014   Code   RO         2477    i.TMR_OC2PreloadConfig  at32f4xx_tim.o
    0x0800a8e0   0x0800a8e0   0x00000014   Code   RO         2487    i.TMR_OCStructInit  at32f4xx_tim.o
    0x0800a8f4   0x0800a8f4   0x00000054   Code   RO         2512    i.TMR_TimeBaseInit  at32f4xx_tim.o
    0x0800a948   0x0800a948   0x00000012   Code   RO         2513    i.TMR_TimeBaseStructInit  at32f4xx_tim.o
    0x0800a95a   0x0800a95a   0x00000002   PAD
    0x0800a95c   0x0800a95c   0x00000028   Code   RO         9104    i.Time_charging     dwin_com_pro.o
    0x0800a984   0x0800a984   0x00000068   Code   RO         9105    i.Timing_charging   dwin_com_pro.o
    0x0800a9ec   0x0800a9ec   0x000000a8   Code   RO         5676    i.UART14Ginit       uart1.o
    0x0800aa94   0x0800aa94   0x0000001a   Code   RO         5677    i.UART1SENDBUF      uart1.o
    0x0800aaae   0x0800aaae   0x00000002   PAD
    0x0800aab0   0x0800aab0   0x00000014   Code   RO         5678    i.UART1SendByte     uart1.o
    0x0800aac4   0x0800aac4   0x000000a4   Code   RO         5752    i.UART2Dispinit     uart2.o
    0x0800ab68   0x0800ab68   0x0000001a   Code   RO         5753    i.UART2SENDBUF      uart2.o
    0x0800ab82   0x0800ab82   0x00000002   PAD
    0x0800ab84   0x0800ab84   0x00000014   Code   RO         5754    i.UART2SendByte     uart2.o
    0x0800ab98   0x0800ab98   0x0000006c   Code   RO         7027    i.UART_4GWrite      4gmain.o
    0x0800ac04   0x0800ac04   0x00000098   Code   RO         3045    i.UART_Print_Init   at32_board.o
    0x0800ac9c   0x0800ac9c   0x00000044   Code   RO         5679    i.USART1_IRQHandler  uart1.o
    0x0800ace0   0x0800ace0   0x0000012c   Code   RO         5680    i.USART1_RecvDispose  uart1.o
    0x0800ae0c   0x0800ae0c   0x00000044   Code   RO         5755    i.USART2_IRQHandler  uart2.o
    0x0800ae50   0x0800ae50   0x0000002c   Code   RO         5756    i.USART2_RecvDispose  uart2.o
    0x0800ae7c   0x0800ae7c   0x00000044   Code   RO         5810    i.USART3_IRQHandler  485_1.o
    0x0800aec0   0x0800aec0   0x0000002c   Code   RO         5811    i.USART3_RecvDispose  485_1.o
    0x0800aeec   0x0800aeec   0x0000000c   Code   RO          830    i.USART_ClearITPendingBit  at32f4xx_usart.o
    0x0800aef8   0x0800aef8   0x00000014   Code   RO          833    i.USART_Cmd         at32f4xx_usart.o
    0x0800af0c   0x0800af0c   0x0000000e   Code   RO          835    i.USART_GetFlagStatus  at32f4xx_usart.o
    0x0800af1a   0x0800af1a   0x0000003e   Code   RO          836    i.USART_GetITStatus  at32f4xx_usart.o
    0x0800af58   0x0800af58   0x00000030   Code   RO          838    i.USART_INTConfig   at32f4xx_usart.o
    0x0800af88   0x0800af88   0x0000009c   Code   RO          839    i.USART_Init        at32f4xx_usart.o
    0x0800b024   0x0800b024   0x00000008   Code   RO          844    i.USART_ReceiveData  at32f4xx_usart.o
    0x0800b02c   0x0800b02c   0x00000008   Code   RO          848    i.USART_SendData    at32f4xx_usart.o
    0x0800b034   0x0800b034   0x00000016   Code   RO          854    i.USART_StructInit  at32f4xx_usart.o
    0x0800b04a   0x0800b04a   0x00000002   PAD
    0x0800b04c   0x0800b04c   0x00000064   Code   RO         9106    i.Unlock_Transactionrecord  dwin_com_pro.o
    0x0800b0b0   0x0800b0b0   0x00000164   Code   RO         7971    i.Unlock_settlement  read_nuid.o
    0x0800b214   0x0800b214   0x00000044   Code   RO         9107    i.Unlock_settlementrecord  dwin_com_pro.o
    0x0800b258   0x0800b258   0x00000002   Code   RO          307    i.UsageFault_Handler  at32f4xx_it.o
    0x0800b25a   0x0800b25a   0x00000002   PAD
    0x0800b25c   0x0800b25c   0x00000030   Code   RO         9108    i.WriterFmBill      dwin_com_pro.o
    0x0800b28c   0x0800b28c   0x000000dc   Code   RO         7665    i.YKCFreamSend      ykcframe.o
    0x0800b368   0x0800b368   0x0000002c   Code   RO         7666    i.YKC_Balance_judgment  ykcframe.o
    0x0800b394   0x0800b394   0x00000050   Code   RO         7667    i.YKC_RecvBalance   ykcframe.o
    0x0800b3e4   0x0800b3e4   0x00000068   Code   RO         7668    i.YKC_RecvCard      ykcframe.o
    0x0800b44c   0x0800b44c   0x000000a4   Code   RO         7669    i.YKC_RecvFTPupdata  ykcframe.o
    0x0800b4f0   0x0800b4f0   0x00000094   Code   RO         7670    i.YKC_RecvFrameDispose  ykcframe.o
    0x0800b584   0x0800b584   0x00000008   Code   RO         7671    i.YKC_RecvHeartAck  ykcframe.o
    0x0800b58c   0x0800b58c   0x000000d8   Code   RO         7672    i.YKC_RecvPricAck   ykcframe.o
    0x0800b664   0x0800b664   0x000000e8   Code   RO         7673    i.YKC_RecvPricSet   ykcframe.o
    0x0800b74c   0x0800b74c   0x00000022   Code   RO         7674    i.YKC_RecvPrimodelAck  ykcframe.o
    0x0800b76e   0x0800b76e   0x00000024   Code   RO         7675    i.YKC_RecvReadData  ykcframe.o
    0x0800b792   0x0800b792   0x00000002   PAD
    0x0800b794   0x0800b794   0x00000020   Code   RO         7676    i.YKC_RecvRecordAck  ykcframe.o
    0x0800b7b4   0x0800b7b4   0x00000044   Code   RO         7677    i.YKC_RecvRegisterAck  ykcframe.o
    0x0800b7f8   0x0800b7f8   0x00000070   Code   RO         7678    i.YKC_RecvStart     ykcframe.o
    0x0800b868   0x0800b868   0x0000003c   Code   RO         7679    i.YKC_RecvStop      ykcframe.o
    0x0800b8a4   0x0800b8a4   0x00000058   Code   RO         7680    i.YKC_RecvTime      ykcframe.o
    0x0800b8fc   0x0800b8fc   0x00000040   Code   RO         7681    i.YKC_SendBalanceAck  ykcframe.o
    0x0800b93c   0x0800b93c   0x0000029c   Code   RO         7682    i.YKC_SendBill      ykcframe.o
    0x0800bbd8   0x0800bbd8   0x00000034   Code   RO         7683    i.YKC_SendBillData  ykcframe.o
    0x0800bc0c   0x0800bc0c   0x000000e8   Code   RO         7684    i.YKC_SendCardInfo  ykcframe.o
    0x0800bcf4   0x0800bcf4   0x00000048   Code   RO         7685    i.YKC_SendFrameDispose  ykcframe.o
    0x0800bd3c   0x0800bd3c   0x00000060   Code   RO         7686    i.YKC_SendHearGunACmd3  ykcframe.o
    0x0800bd9c   0x0800bd9c   0x0000002c   Code   RO         7687    i.YKC_SendPriModel  ykcframe.o
    0x0800bdc8   0x0800bdc8   0x00000024   Code   RO         7688    i.YKC_SendPriReq    ykcframe.o
    0x0800bdec   0x0800bdec   0x00000128   Code   RO         7689    i.YKC_SendPriodSJDataGunACmd13  ykcframe.o
    0x0800bf14   0x0800bf14   0x00000028   Code   RO         7690    i.YKC_SendRateAck   ykcframe.o
    0x0800bf3c   0x0800bf3c   0x000000d8   Code   RO         7691    i.YKC_SendRegisterCmd1  ykcframe.o
    0x0800c014   0x0800c014   0x00000104   Code   RO         7692    i.YKC_SendSJDataGunACmd13  ykcframe.o
    0x0800c118   0x0800c118   0x00000078   Code   RO         7693    i.YKC_SendSetTimeAck  ykcframe.o
    0x0800c190   0x0800c190   0x00000028   Code   RO         7694    i.YKC_SendSetupdataAck  ykcframe.o
    0x0800c1b8   0x0800c1b8   0x00000064   Code   RO         7695    i.YKC_SendStartAck  ykcframe.o
    0x0800c21c   0x0800c21c   0x00000034   Code   RO         7696    i.YKC_SendStopAck   ykcframe.o
    0x0800c250   0x0800c250   0x000001f4   Code   RO         7914    i.ZF_SendBill       zfframe.o
    0x0800c444   0x0800c444   0x000001b8   Code   RO         7915    i.ZF_SendDevState   zfframe.o
    0x0800c5fc   0x0800c5fc   0x00000048   Code   RO         7916    i.ZF_SendFrameDispose  zfframe.o
    0x0800c644   0x0800c644   0x00000040   Code   RO         7917    i.ZF_SendHear       zfframe.o
    0x0800c684   0x0800c684   0x000000c0   Code   RO         7918    i.ZF_SendRegister   zfframe.o
    0x0800c744   0x0800c744   0x00000040   Code   RO         7919    i.ZF_SendStartCharge  zfframe.o
    0x0800c784   0x0800c784   0x0000000a   Code   RO         7028    i._4G_GetStartType  4gmain.o
    0x0800c78e   0x0800c78e   0x00000004   Code   RO         7029    i._4G_RecvFrameDispose  4gmain.o
    0x0800c792   0x0800c792   0x00000010   Code   RO         7030    i._4G_SendBill      4gmain.o
    0x0800c7a2   0x0800c7a2   0x0000000a   Code   RO         7031    i._4G_SendCardInfo  4gmain.o
    0x0800c7ac   0x0800c7ac   0x00000004   Code   RO         7032    i._4G_SendCardVinCharge  4gmain.o
    0x0800c7b0   0x0800c7b0   0x00000004   Code   RO         7033    i._4G_SendDevState  4gmain.o
    0x0800c7b4   0x0800c7b4   0x0000000a   Code   RO         7034    i._4G_SendFrameDispose  4gmain.o
    0x0800c7be   0x0800c7be   0x0000000a   Code   RO         7035    i._4G_SendQueryRate  4gmain.o
    0x0800c7c8   0x0800c7c8   0x0000000a   Code   RO         7036    i._4G_SendRateAck   4gmain.o
    0x0800c7d2   0x0800c7d2   0x0000000a   Code   RO         7037    i._4G_SendRateMode  4gmain.o
    0x0800c7dc   0x0800c7dc   0x0000000a   Code   RO         7038    i._4G_SendSetTimeAck  4gmain.o
    0x0800c7e6   0x0800c7e6   0x0000000a   Code   RO         7039    i._4G_SendSetftpudataAck  4gmain.o
    0x0800c7f0   0x0800c7f0   0x0000000a   Code   RO         7040    i._4G_SendStartAck  4gmain.o
    0x0800c7fa   0x0800c7fa   0x0000000a   Code   RO         7041    i._4G_SendStopAck   4gmain.o
    0x0800c804   0x0800c804   0x00000004   Code   RO         7042    i._4G_SendVinInfo   4gmain.o
    0x0800c808   0x0800c808   0x00000014   Code   RO         7043    i._4G_SetStartType  4gmain.o
    0x0800c81c   0x0800c81c   0x00000012   Code   RO         8129    i._RC522_delay_ns   rc522.o
    0x0800c82e   0x0800c82e   0x00000002   PAD
    0x0800c830   0x0800c830   0x0000001c   Code   RO         7697    i._YKC_RestUpdataData  ykcframe.o
    0x0800c84c   0x0800c84c   0x00000020   Code   RO         9929    i.__0printf$8       mc_w.l(printf8.o)
    0x0800c86c   0x0800c86c   0x00000034   Code   RO         9930    i.__0snprintf$8     mc_w.l(printf8.o)
    0x0800c8a0   0x0800c8a0   0x00000008   Code   RO        10037    i.__aeabi_errno_addr  mc_w.l(errno.o)
    0x0800c8a8   0x0800c8a8   0x0000000e   Code   RO        10093    i.__scatterload_copy  mc_w.l(handlers.o)
    0x0800c8b6   0x0800c8b6   0x00000002   Code   RO        10094    i.__scatterload_null  mc_w.l(handlers.o)
    0x0800c8b8   0x0800c8b8   0x0000000e   Code   RO        10095    i.__scatterload_zeroinit  mc_w.l(handlers.o)
    0x0800c8c6   0x0800c8c6   0x00000002   PAD
    0x0800c8c8   0x0800c8c8   0x00000404   Code   RO         9936    i._printf_core      mc_w.l(printf8.o)
    0x0800cccc   0x0800cccc   0x00000024   Code   RO         9937    i._printf_post_padding  mc_w.l(printf8.o)
    0x0800ccf0   0x0800ccf0   0x0000002e   Code   RO         9938    i._printf_pre_padding  mc_w.l(printf8.o)
    0x0800cd1e   0x0800cd1e   0x00000016   Code   RO         9939    i._snputc           mc_w.l(printf8.o)
    0x0800cd34   0x0800cd34   0x000000d0   Code   RO         6295    i.adc_init          adc.o
    0x0800ce04   0x0800ce04   0x00000038   Code   RO         7972    i.app_read_nuid     read_nuid.o
    0x0800ce3c   0x0800ce3c   0x00000058   Code   RO         6538    i.ch_charging       chproc.o
    0x0800ce94   0x0800ce94   0x00000056   Code   RO         6539    i.ch_cplt_func      chproc.o
    0x0800ceea   0x0800ceea   0x00000002   PAD
    0x0800ceec   0x0800ceec   0x00000030   Code   RO         6540    i.ch_ctl_disable    chproc.o
    0x0800cf1c   0x0800cf1c   0x00000030   Code   RO         6541    i.ch_ctl_enable     chproc.o
    0x0800cf4c   0x0800cf4c   0x00000084   Code   RO         6766    i.ch_cycle_get_8112  chtask.o
    0x0800cfd0   0x0800cfd0   0x00000048   Code   RO         6543    i.ch_fault_proc     chproc.o
    0x0800d018   0x0800d018   0x00000080   Code   RO         6767    i.ch_from_ctl_msg   chtask.o
    0x0800d098   0x0800d098   0x00000054   Code   RO         6768    i.ch_get_cp_state_info  chtask.o
    0x0800d0ec   0x0800d0ec   0x000000dc   Code   RO         6871    i.ch_get_cp_volt    cp.o
    0x0800d1c8   0x0800d1c8   0x000000bc   Code   RO         6544    i.ch_info_update    chproc.o
    0x0800d284   0x0800d284   0x00000074   Code   RO         6545    i.ch_insert_proc    chproc.o
    0x0800d2f8   0x0800d2f8   0x00000054   Code   RO         6546    i.ch_is_cp_off      chproc.o
    0x0800d34c   0x0800d34c   0x00000068   Code   RO         6547    i.ch_is_end_condition  chproc.o
    0x0800d3b4   0x0800d3b4   0x0000000a   Code   RO         6548    i.ch_is_fault       chproc.o
    0x0800d3be   0x0800d3be   0x00000024   Code   RO         6549    i.ch_is_insert      chproc.o
    0x0800d3e2   0x0800d3e2   0x00000002   PAD
    0x0800d3e4   0x0800d3e4   0x00000064   Code   RO         6551    i.ch_is_low_current_9V  chproc.o
    0x0800d448   0x0800d448   0x00000090   Code   RO         6552    i.ch_is_over_current  chproc.o
    0x0800d4d8   0x0800d4d8   0x00000090   Code   RO         6553    i.ch_is_over_volt   chproc.o
    0x0800d568   0x0800d568   0x0000003c   Code   RO         6554    i.ch_is_start       chproc.o
    0x0800d5a4   0x0800d5a4   0x00000144   Code   RO         6555    i.ch_is_stp         chproc.o
    0x0800d6e8   0x0800d6e8   0x00000070   Code   RO         6556    i.ch_is_under_cp9v  chproc.o
    0x0800d758   0x0800d758   0x00000090   Code   RO         6557    i.ch_is_under_volt  chproc.o
    0x0800d7e8   0x0800d7e8   0x00000014   Code   RO         6558    i.ch_jump_new_stat  chproc.o
    0x0800d7fc   0x0800d7fc   0x00000030   Code   RO         6559    i.ch_loop_proc      chproc.o
    0x0800d82c   0x0800d82c   0x00000026   Code   RO         6560    i.ch_precharge      chproc.o
    0x0800d852   0x0800d852   0x00000002   PAD
    0x0800d854   0x0800d854   0x00000074   Code   RO         6561    i.ch_standy_proc    chproc.o
    0x0800d8c8   0x0800d8c8   0x00000088   Code   RO         6562    i.ch_start_func     chproc.o
    0x0800d950   0x0800d950   0x00000034   Code   RO         6563    i.ch_stop_func      chproc.o
    0x0800d984   0x0800d984   0x00000014   Code   RO         6769    i.ch_task_cycle_proc  chtask.o
    0x0800d998   0x0800d998   0x00000058   Code   RO         6770    i.ch_task_init      chtask.o
    0x0800d9f0   0x0800d9f0   0x0000000e   Code   RO         6771    i.ch_task_tcu_msg_proc  chtask.o
    0x0800d9fe   0x0800d9fe   0x00000002   PAD
    0x0800da00   0x0800da00   0x0000005c   Code   RO         6564    i.ch_wait_car_ready  chproc.o
    0x0800da5c   0x0800da5c   0x00000094   Code   RO         6772    i.ch_wait_msg       chtask.o
    0x0800daf0   0x0800daf0   0x00000006   Code   RO         6567    i.cp_pwm_full       chproc.o
    0x0800daf6   0x0800daf6   0x00000002   PAD
    0x0800daf8   0x0800daf8   0x00000050   Code   RO         5863    i.delay_init        delay.o
    0x0800db48   0x0800db48   0x00000044   Code   RO         5864    i.delay_m           delay.o
    0x0800db8c   0x0800db8c   0x0000000c   Code   RO         5867    i.delay_ostimedly   delay.o
    0x0800db98   0x0800db98   0x00000044   Code   RO         5868    i.delay_u           delay.o
    0x0800dbdc   0x0800dbdc   0x000001e4   Code   RO         9109    i.dwin_show         dwin_com_pro.o
    0x0800ddc0   0x0800ddc0   0x000000b0   Code   RO         9110    i.dwin_show_record  dwin_com_pro.o
    0x0800de70   0x0800de70   0x00000110   Code   RO         9111    i.dwin_show_state   dwin_com_pro.o
    0x0800df80   0x0800df80   0x000000d8   Code   RO         6568    i.electricity_err   chproc.o
    0x0800e058   0x0800e058   0x000000c4   Code   RO         6341    i.ertc              ertc.o
    0x0800e11c   0x0800e11c   0x00000040   Code   RO         8277    i.fal_partition_read  flashdispos.o
    0x0800e15c   0x0800e15c   0x00000040   Code   RO         8278    i.fal_partition_write  flashdispos.o
    0x0800e19c   0x0800e19c   0x000002f0   Code   RO         9112    i.flash_para_init   dwin_com_pro.o
    0x0800e48c   0x0800e48c   0x00000024   Code   RO         3047    i.fputc             at32_board.o
    0x0800e4b0   0x0800e4b0   0x00000158   Code   RO         6569    i.get_q_money       chproc.o
    0x0800e608   0x0800e608   0x00000034   Code   RO         9113    i.get_reset_curcharge  dwin_com_pro.o
    0x0800e63c   0x0800e63c   0x00000050   Code   RO         6773    i.io_input_period   chtask.o
    0x0800e68c   0x0800e68c   0x0000005c   Code   RO            9    i.main              main.o
    0x0800e6e8   0x0800e6e8   0x00000034   Code   RO         7973    i.mode5             read_nuid.o
    0x0800e71c   0x0800e71c   0x00000048   Code   RO         6570    i.money_not_enough  chproc.o
    0x0800e764   0x0800e764   0x00000014   Code   RO         6928    i.mq_service_485Uart_send_recv  mq_service.o
    0x0800e778   0x0800e778   0x00000014   Code   RO         6929    i.mq_service_4GUart_send_recv  mq_service.o
    0x0800e78c   0x0800e78c   0x00000014   Code   RO         6930    i.mq_service_card_send_disp  mq_service.o
    0x0800e7a0   0x0800e7a0   0x00000014   Code   RO         6931    i.mq_service_ch_send_dip  mq_service.o
    0x0800e7b4   0x0800e7b4   0x00000014   Code   RO         6932    i.mq_service_dwinrecv_send_disp  mq_service.o
    0x0800e7c8   0x0800e7c8   0x00000040   Code   RO         6933    i.mq_service_moduleid_exist  mq_service.o
    0x0800e808   0x0800e808   0x00000052   Code   RO         6934    i.mq_service_recv_msg  mq_service.o
    0x0800e85a   0x0800e85a   0x00000002   PAD
    0x0800e85c   0x0800e85c   0x0000013c   Code   RO         6935    i.mq_service_send_msg  mq_service.o
    0x0800e998   0x0800e998   0x00000014   Code   RO         6936    i.mq_service_send_to_4gsend  mq_service.o
    0x0800e9ac   0x0800e9ac   0x00000014   Code   RO         6937    i.mq_service_xxx_send_msg_to_chtask  mq_service.o
    0x0800e9c0   0x0800e9c0   0x00000050   Code   RO         9115    i.passwordmodify    dwin_com_pro.o
    0x0800ea10   0x0800ea10   0x000000c8   Code   RO         7975    i.read_card_money   read_nuid.o
    0x0800ead8   0x0800ead8   0x00000068   Code   RO         7976    i.read_card_type    read_nuid.o
    0x0800eb40   0x0800eb40   0x0000002c   Code   RO         7977    i.read_lock_state   read_nuid.o
    0x0800eb6c   0x0800eb6c   0x000000d0   Code   RO         9116    i.rest_charge_dispose  dwin_com_pro.o
    0x0800ec3c   0x0800ec3c   0x0000003c   Code   RO         9117    i.rt_dwin_period_entry  dwin_com_pro.o
    0x0800ec78   0x0800ec78   0x000001e8   Code   RO         9118    i.rt_dwin_state_dispose  dwin_com_pro.o
    0x0800ee60   0x0800ee60   0x00000036   Code   RO         9119    i.send_ch_ctl_msg   dwin_com_pro.o
    0x0800ee96   0x0800ee96   0x00000022   Code   RO         7978    i.set_CardMCUID     read_nuid.o
    0x0800eeb8   0x0800eeb8   0x00000044   Code   RO         6342    i.set_date          ertc.o
    0x0800eefc   0x0800eefc   0x00000040   Code   RO         6343    i.set_time          ertc.o
    0x0800ef3c   0x0800ef3c   0x00000028   Code   RO         7980    i.show_Notcalculated  read_nuid.o
    0x0800ef64   0x0800ef64   0x00000042   Code   RO         9439    i.simulation_Print  dwinprotocol.o
    0x0800efa6   0x0800efa6   0x00000002   PAD
    0x0800efa8   0x0800efa8   0x0000013c   Code   RO         7981    i.slotcard_state    read_nuid.o
    0x0800f0e4   0x0800f0e4   0x0000032c   Code   RO         7982    i.start_change_card  read_nuid.o
    0x0800f410   0x0800f410   0x00000168   Code   RO         7983    i.startchargUnlock  read_nuid.o
    0x0800f578   0x0800f578   0x00000158   Code   RO         7984    i.stop_change_card  read_nuid.o
    0x0800f6d0   0x0800f6d0   0x0000009c   Code   RO         6481    i.time              ch_port.o
    0x0800f76c   0x0800f76c   0x000000e2   Code   RO         9120    i.timeSert          dwin_com_pro.o
    0x0800f84e   0x0800f84e   0x00000002   PAD
    0x0800f850   0x0800f850   0x0000009c   Code   RO         6209    i.uart_recvdispose  timer.o
    0x0800f8ec   0x0800f8ec   0x00000038   Code   RO         7985    i.writer_lock_state  read_nuid.o
    0x0800f924   0x0800f924   0x00000010   Data   RO          619    .constdata          at32f4xx_rcc.o
    0x0800f934   0x0800f934   0x00000004   Data   RO         3655    .constdata          os_cfg_app.o
    0x0800f938   0x0800f938   0x00000004   Data   RO         3656    .constdata          os_cfg_app.o
    0x0800f93c   0x0800f93c   0x00000004   Data   RO         3657    .constdata          os_cfg_app.o
    0x0800f940   0x0800f940   0x00000004   Data   RO         3666    .constdata          os_cfg_app.o
    0x0800f944   0x0800f944   0x00000004   Data   RO         3667    .constdata          os_cfg_app.o
    0x0800f948   0x0800f948   0x00000002   Data   RO         3669    .constdata          os_cfg_app.o
    0x0800f94a   0x0800f94a   0x00000002   PAD
    0x0800f94c   0x0800f94c   0x00000004   Data   RO         3671    .constdata          os_cfg_app.o
    0x0800f950   0x0800f950   0x00000001   Data   RO         3672    .constdata          os_cfg_app.o
    0x0800f951   0x0800f951   0x00000003   PAD
    0x0800f954   0x0800f954   0x00000004   Data   RO         3673    .constdata          os_cfg_app.o
    0x0800f958   0x0800f958   0x00000004   Data   RO         3674    .constdata          os_cfg_app.o
    0x0800f95c   0x0800f95c   0x00000004   Data   RO         3675    .constdata          os_cfg_app.o
    0x0800f960   0x0800f960   0x00000004   Data   RO         3676    .constdata          os_cfg_app.o
    0x0800f964   0x0800f964   0x00000004   Data   RO         3678    .constdata          os_cfg_app.o
    0x0800f968   0x0800f968   0x00000004   Data   RO         3679    .constdata          os_cfg_app.o
    0x0800f96c   0x0800f96c   0x00000001   Data   RO         3680    .constdata          os_cfg_app.o
    0x0800f96d   0x0800f96d   0x00000003   PAD
    0x0800f970   0x0800f970   0x00000004   Data   RO         3681    .constdata          os_cfg_app.o
    0x0800f974   0x0800f974   0x00000004   Data   RO         3682    .constdata          os_cfg_app.o
    0x0800f978   0x0800f978   0x00000004   Data   RO         3683    .constdata          os_cfg_app.o
    0x0800f97c   0x0800f97c   0x00000001   Data   RO         3685    .constdata          os_cfg_app.o
    0x0800f97d   0x0800f97d   0x00000003   PAD
    0x0800f980   0x0800f980   0x00000004   Data   RO         3686    .constdata          os_cfg_app.o
    0x0800f984   0x0800f984   0x00000004   Data   RO         3687    .constdata          os_cfg_app.o
    0x0800f988   0x0800f988   0x00000004   Data   RO         3688    .constdata          os_cfg_app.o
    0x0800f98c   0x0800f98c   0x00000004   Data   RO         3689    .constdata          os_cfg_app.o
    0x0800f990   0x0800f990   0x00000013   Data   RO         6482    .constdata          ch_port.o
    0x0800f9a3   0x0800f9a3   0x00000001   PAD
    0x0800f9a4   0x0800f9a4   0x000000b0   Data   RO         7402    .constdata          modulea7680c.o
    0x0800fa54   0x0800fa54   0x0000009c   Data   RO         8279    .constdata          flashdispos.o
    0x0800faf0   0x0800faf0   0x000001e0   Data   RO         9038    .constdata          dispshowstatus.o
    0x0800fcd0   0x0800fcd0   0x00000080   Data   RO         9123    .constdata          dwin_com_pro.o
    0x0800fd50   0x0800fd50   0x00000081   Data   RO        10060    .constdata          mc_w.l(ctype_o.o)
    0x0800fdd1   0x0800fdd1   0x00000003   PAD
    0x0800fdd4   0x0800fdd4   0x00000004   Data   RO        10061    .constdata          mc_w.l(ctype_o.o)
    0x0800fdd8   0x0800fdd8   0x0000013e   Data   RO         7403    .conststring        modulea7680c.o
    0x0800ff16   0x0800ff16   0x00000002   PAD
    0x0800ff18   0x0800ff18   0x00000169   Data   RO         9039    .conststring        dispshowstatus.o
    0x08010081   0x08010081   0x00000003   PAD
    0x08010084   0x08010084   0x00000020   Data   RO        10091    Region$$Table       anon$$obj.o


    Execution Region RW_IRAM1 (Exec base: 0x20000000, Load base: 0x080100a4, Size: 0x00007670, Max: 0x00008000, ABSOLUTE, COMPRESSED[0x00000334])

    Exec Addr    Load Addr    Size         Type   Attr      Idx    E Section Name        Object

    0x20000000   COMPRESSED   0x0000003b   Data   RW           11    .data               main.o
    0x2000003b   COMPRESSED   0x00000001   PAD
    0x2000003c   COMPRESSED   0x00000002   Data   RW           13    .data               main.o
    0x2000003e   COMPRESSED   0x00000002   Data   RW           14    .data               main.o
    0x20000040   COMPRESSED   0x00000014   Data   RW          407    .data               system_at32f4xx.o
    0x20000054   COMPRESSED   0x00000004   Data   RW         3049    .data               at32_board.o
    0x20000058   COMPRESSED   0x00000004   Data   RW         3167    .data               os_cpu_c.o
    0x2000005c   COMPRESSED   0x00000008   Data   RW         4168    .data               os_prio.o
    0x20000064   COMPRESSED   0x00000004   Data   RW         4732    .data               os_var.o
    0x20000068   COMPRESSED   0x00000004   Data   RW         4733    .data               os_var.o
    0x2000006c   COMPRESSED   0x00000004   Data   RW         4734    .data               os_var.o
    0x20000070   COMPRESSED   0x00000004   Data   RW         4735    .data               os_var.o
    0x20000074   COMPRESSED   0x00000004   Data   RW         4736    .data               os_var.o
    0x20000078   COMPRESSED   0x00000004   Data   RW         4737    .data               os_var.o
    0x2000007c   COMPRESSED   0x00000004   Data   RW         4738    .data               os_var.o
    0x20000080   COMPRESSED   0x00000004   Data   RW         4739    .data               os_var.o
    0x20000084   COMPRESSED   0x00000001   Data   RW         4740    .data               os_var.o
    0x20000085   COMPRESSED   0x00000001   Data   RW         4741    .data               os_var.o
    0x20000086   COMPRESSED   0x00000002   PAD
    0x20000088   COMPRESSED   0x00000004   Data   RW         4742    .data               os_var.o
    0x2000008c   COMPRESSED   0x00000002   Data   RW         4743    .data               os_var.o
    0x2000008e   COMPRESSED   0x00000002   PAD
    0x20000090   COMPRESSED   0x00000004   Data   RW         4744    .data               os_var.o
    0x20000094   COMPRESSED   0x00000002   Data   RW         4745    .data               os_var.o
    0x20000096   COMPRESSED   0x00000002   PAD
    0x20000098   COMPRESSED   0x00000004   Data   RW         4746    .data               os_var.o
    0x2000009c   COMPRESSED   0x00000002   Data   RW         4747    .data               os_var.o
    0x2000009e   COMPRESSED   0x00000001   Data   RW         4748    .data               os_var.o
    0x2000009f   COMPRESSED   0x00000001   Data   RW         4749    .data               os_var.o
    0x200000a0   COMPRESSED   0x00000001   Data   RW         4750    .data               os_var.o
    0x200000a1   COMPRESSED   0x00000003   PAD
    0x200000a4   COMPRESSED   0x00000004   Data   RW         4751    .data               os_var.o
    0x200000a8   COMPRESSED   0x00000002   Data   RW         4752    .data               os_var.o
    0x200000aa   COMPRESSED   0x00000002   PAD
    0x200000ac   COMPRESSED   0x00000004   Data   RW         4753    .data               os_var.o
    0x200000b0   COMPRESSED   0x00000004   Data   RW         4754    .data               os_var.o
    0x200000b4   COMPRESSED   0x00000004   Data   RW         4755    .data               os_var.o
    0x200000b8   COMPRESSED   0x00000001   Data   RW         4756    .data               os_var.o
    0x200000b9   COMPRESSED   0x00000003   PAD
    0x200000bc   COMPRESSED   0x00000004   Data   RW         4757    .data               os_var.o
    0x200000c0   COMPRESSED   0x00000002   Data   RW         4758    .data               os_var.o
    0x200000c2   COMPRESSED   0x00000001   Data   RW         4759    .data               os_var.o
    0x200000c3   COMPRESSED   0x00000001   PAD
    0x200000c4   COMPRESSED   0x00000002   Data   RW         4760    .data               os_var.o
    0x200000c6   COMPRESSED   0x00000002   Data   RW         4761    .data               os_var.o
    0x200000c8   COMPRESSED   0x00000004   Data   RW         4762    .data               os_var.o
    0x200000cc   COMPRESSED   0x00000004   Data   RW         4763    .data               os_var.o
    0x200000d0   COMPRESSED   0x00000004   Data   RW         4764    .data               os_var.o
    0x200000d4   COMPRESSED   0x00000001   Data   RW         4765    .data               os_var.o
    0x200000d5   COMPRESSED   0x00000003   PAD
    0x200000d8   COMPRESSED   0x00000004   Data   RW         4766    .data               os_var.o
    0x200000dc   COMPRESSED   0x00000004   Data   RW         4767    .data               os_var.o
    0x200000e0   COMPRESSED   0x00000004   Data   RW         4768    .data               os_var.o
    0x200000e4   COMPRESSED   0x00000002   Data   RW         4769    .data               os_var.o
    0x200000e6   COMPRESSED   0x00000001   Data   RW         4770    .data               os_var.o
    0x200000e7   COMPRESSED   0x00000001   PAD
    0x200000e8   COMPRESSED   0x00000004   Data   RW         4771    .data               os_var.o
    0x200000ec   COMPRESSED   0x00000004   Data   RW         4772    .data               os_var.o
    0x200000f0   COMPRESSED   0x00000008   Data   RW         4773    .data               os_var.o
    0x200000f8   COMPRESSED   0x00000008   Data   RW         4774    .data               os_var.o
    0x20000100   COMPRESSED   0x00000004   Data   RW         4775    .data               os_var.o
    0x20000104   COMPRESSED   0x00000002   Data   RW         4776    .data               os_var.o
    0x20000106   COMPRESSED   0x00000002   PAD
    0x20000108   COMPRESSED   0x00000004   Data   RW         4777    .data               os_var.o
    0x2000010c   COMPRESSED   0x00000004   Data   RW         4779    .data               os_var.o
    0x20000110   COMPRESSED   0x00000004   Data   RW         4780    .data               os_var.o
    0x20000114   COMPRESSED   0x00000004   Data   RW         4781    .data               os_var.o
    0x20000118   COMPRESSED   0x00000004   Data   RW         4782    .data               os_var.o
    0x2000011c   COMPRESSED   0x00000004   Data   RW         4783    .data               os_var.o
    0x20000120   COMPRESSED   0x00000004   Data   RW         4784    .data               os_var.o
    0x20000124   COMPRESSED   0x00000004   Data   RW         4868    .data               cpu_core.o
    0x20000128   COMPRESSED   0x00000009   Data   RW         5682    .data               uart1.o
    0x20000131   COMPRESSED   0x00000001   PAD
    0x20000132   COMPRESSED   0x00000004   Data   RW         5869    .data               delay.o
    0x20000136   COMPRESSED   0x00000002   PAD
    0x20000138   COMPRESSED   0x000000a0   Data   RW         6036    .data               hlw8112-spi.o
    0x200001d8   COMPRESSED   0x00000006   Data   RW         6212    .data               timer.o
    0x200001de   COMPRESSED   0x00000002   PAD
    0x200001e0   COMPRESSED   0x00000018   Data   RW         6345    .data               ertc.o
    0x200001f8   COMPRESSED   0x00000020   Data   RW         6571    .data               chproc.o
    0x20000218   COMPRESSED   0x0000001c   Data   RW         6775    .data               chtask.o
    0x20000234   COMPRESSED   0x00000002   Data   RW         6939    .data               mq_service.o
    0x20000236   COMPRESSED   0x00000002   PAD
    0x20000238   COMPRESSED   0x0000005e   Data   RW         7046    .data               4gmain.o
    0x20000296   COMPRESSED   0x00000002   PAD
    0x20000298   COMPRESSED   0x0000003c   Data   RW         7237    .data               4grecv.o
    0x200002d4   COMPRESSED   0x00000008   Data   RW         7277    .data               4gsend.o
    0x200002dc   COMPRESSED   0x00000004   Data   RW         7328    .data               hyframe.o
    0x200002e0   COMPRESSED   0x00000001   Data   RW         7329    .data               hyframe.o
    0x200002e1   COMPRESSED   0x00000003   PAD
    0x200002e4   COMPRESSED   0x0000000c   Data   RW         7404    .data               modulea7680c.o
    0x200002f0   COMPRESSED   0x000002cc   Data   RW         7707    .data               ykcframe.o
    0x200005bc   COMPRESSED   0x00000030   Data   RW         7920    .data               zfframe.o
    0x200005ec   COMPRESSED   0x0000000c   Data   RW         7987    .data               read_nuid.o
    0x200005f8   COMPRESSED   0x00000006   Data   RW         8130    .data               rc522.o
    0x200005fe   COMPRESSED   0x00000002   PAD
    0x20000600   COMPRESSED   0x00000008   Data   RW         8334    .data               spi_flash.o
    0x20000608   COMPRESSED   0x0000000c   Data   RW         8553    .data               dispkey.o
    0x20000614   COMPRESSED   0x00000004   Data   RW         8817    .data               dispkeyfunction.o
    0x20000618   COMPRESSED   0x00000034   Data   RW         9124    .data               dwin_com_pro.o
    0x2000064c   COMPRESSED   0x00000014   Data   RW         9603    .data               menudisp .o
    0x20000660   COMPRESSED   0x00000014   Data   RW         9604    .data               menudisp .o
    0x20000674   COMPRESSED   0x00000014   Data   RW         9605    .data               menudisp .o
    0x20000688   COMPRESSED   0x00000014   Data   RW         9606    .data               menudisp .o
    0x2000069c   COMPRESSED   0x00000014   Data   RW         9607    .data               menudisp .o
    0x200006b0   COMPRESSED   0x00000014   Data   RW         9608    .data               menudisp .o
    0x200006c4   COMPRESSED   0x00000014   Data   RW         9610    .data               menudisp .o
    0x200006d8   COMPRESSED   0x00000014   Data   RW         9611    .data               menudisp .o
    0x200006ec   COMPRESSED   0x00000014   Data   RW         9612    .data               menudisp .o
    0x20000700   COMPRESSED   0x00000014   Data   RW         9613    .data               menudisp .o
    0x20000714   COMPRESSED   0x00000014   Data   RW         9614    .data               menudisp .o
    0x20000728   COMPRESSED   0x00000014   Data   RW         9615    .data               menudisp .o
    0x2000073c   COMPRESSED   0x00000014   Data   RW         9616    .data               menudisp .o
    0x20000750   COMPRESSED   0x00000014   Data   RW         9617    .data               menudisp .o
    0x20000764   COMPRESSED   0x00000014   Data   RW         9618    .data               menudisp .o
    0x20000778   COMPRESSED   0x00000014   Data   RW         9619    .data               menudisp .o
    0x2000078c   COMPRESSED   0x00000014   Data   RW         9620    .data               menudisp .o
    0x200007a0   COMPRESSED   0x00000014   Data   RW         9621    .data               menudisp .o
    0x200007b4   COMPRESSED   0x00000014   Data   RW         9622    .data               menudisp .o
    0x200007c8   COMPRESSED   0x00000014   Data   RW         9623    .data               menudisp .o
    0x200007dc   COMPRESSED   0x00000014   Data   RW         9624    .data               menudisp .o
    0x200007f0   COMPRESSED   0x00000014   Data   RW         9625    .data               menudisp .o
    0x20000804   COMPRESSED   0x00000014   Data   RW         9626    .data               menudisp .o
    0x20000818   COMPRESSED   0x00000014   Data   RW         9628    .data               menudisp .o
    0x2000082c   COMPRESSED   0x00000014   Data   RW         9629    .data               menudisp .o
    0x20000840   COMPRESSED   0x00000014   Data   RW         9630    .data               menudisp .o
    0x20000854   COMPRESSED   0x00000014   Data   RW         9631    .data               menudisp .o
    0x20000868   COMPRESSED   0x00000014   Data   RW         9632    .data               menudisp .o
    0x2000087c   COMPRESSED   0x00000014   Data   RW         9633    .data               menudisp .o
    0x20000890   COMPRESSED   0x00000014   Data   RW         9634    .data               menudisp .o
    0x200008a4   COMPRESSED   0x00000014   Data   RW         9635    .data               menudisp .o
    0x200008b8   COMPRESSED   0x00000014   Data   RW         9636    .data               menudisp .o
    0x200008cc   COMPRESSED   0x00000014   Data   RW         9637    .data               menudisp .o
    0x200008e0   COMPRESSED   0x00000014   Data   RW         9638    .data               menudisp .o
    0x200008f4   COMPRESSED   0x00000014   Data   RW         9639    .data               menudisp .o
    0x20000908   COMPRESSED   0x00000004   Data   RW         9715    .data               mc_w.l(strtok.o)
    0x2000090c   COMPRESSED   0x00000004   Data   RW        10040    .data               mc_w.l(errno.o)
    0x20000910        -       0x00001920   Zero   RW           10    .bss                main.o
    0x20002230        -       0x0000002c   Zero   RW          308    .bss                at32f4xx_it.o
    0x2000225c        -       0x00000200   Zero   RW         3649    .bss                os_cfg_app.o
    0x2000245c        -       0x00000200   Zero   RW         3650    .bss                os_cfg_app.o
    0x2000265c        -       0x00000320   Zero   RW         3651    .bss                os_cfg_app.o
    0x2000297c        -       0x00000200   Zero   RW         3652    .bss                os_cfg_app.o
    0x20002b7c        -       0x00000200   Zero   RW         3653    .bss                os_cfg_app.o
    0x20002d7c        -       0x00000200   Zero   RW         3654    .bss                os_cfg_app.o
    0x20002f7c        -       0x000000b8   Zero   RW         4725    .bss                os_var.o
    0x20003034        -       0x0000000c   Zero   RW         4726    .bss                os_var.o
    0x20003040        -       0x00000300   Zero   RW         4727    .bss                os_var.o
    0x20003340        -       0x000000b8   Zero   RW         4728    .bss                os_var.o
    0x200033f8        -       0x000000b8   Zero   RW         4729    .bss                os_var.o
    0x200034b0        -       0x0000002c   Zero   RW         4730    .bss                os_var.o
    0x200034dc        -       0x000000b8   Zero   RW         4731    .bss                os_var.o
    0x20003594        -       0x00000010   Zero   RW         4865    .bss                cpu_core.o
    0x200035a4        -       0x00000420   Zero   RW         5681    .bss                uart1.o
    0x200039c4        -       0x00000038   Zero   RW         5757    .bss                uart2.o
    0x200039fc        -       0x00000038   Zero   RW         5812    .bss                485_1.o
    0x20003a34        -       0x00000024   Zero   RW         6210    .bss                timer.o
    0x20003a58        -       0x000000c8   Zero   RW         6296    .bss                adc.o
    0x20003b20        -       0x00000054   Zero   RW         6297    .bss                adc.o
    0x20003b74        -       0x0000000c   Zero   RW         6344    .bss                ertc.o
    0x20003b80        -       0x000002d4   Zero   RW         6774    .bss                chtask.o
    0x20003e54        -       0x000000c8   Zero   RW         6872    .bss                cp.o
    0x20003f1c        -       0x00000ee8   Zero   RW         6938    .bss                mq_service.o
    0x20004e04        -       0x000000a4   Zero   RW         7044    .bss                4gmain.o
    0x20004ea8        -       0x0000065a   Zero   RW         7236    .bss                4grecv.o
    0x20005502   COMPRESSED   0x00000002   PAD
    0x20005504        -       0x0000003c   Zero   RW         7274    .bss                4gsend.o
    0x20005540        -       0x00000013   Zero   RW         7401    .bss                modulea7680c.o
    0x20005553        -       0x000003d3   Zero   RW         7698    .bss                ykcframe.o
    0x20005926   COMPRESSED   0x00000002   PAD
    0x20005928        -       0x00000056   Zero   RW         7986    .bss                read_nuid.o
    0x2000597e        -       0x00001000   Zero   RW         8333    .bss                spi_flash.o
    0x2000697e   COMPRESSED   0x00000002   PAD
    0x20006980        -       0x00000780   Zero   RW         9121    .bss                dwin_com_pro.o
    0x20007100        -       0x000000c9   Zero   RW         9440    .bss                dwinprotocol.o
    0x200071c9   COMPRESSED   0x00000003   PAD
    0x200071cc        -       0x000000a4   Zero   RW         9660    .bss                dlt645_port.o
    0x20007270        -       0x00000400   Zero   RW          445    STACK               startup_at32f415cbt7.o


==============================================================================

Image component sizes


      Code (inc. data)   RO Data    RW Data    ZI Data      Debug   Object Name

       112         14          0          0         56       3911   485_1.o
       990        114          0         94        164      21250   4gmain.o
      1032        158          0         60       1626       3139   4grecv.o
       704         88          0          8         60       3127   4gsend.o
       276         18          0          0        284       2834   adc.o
       188         14          0          4          0       4154   at32_board.o
       314         10          0          0          0       9303   at32f4xx_adc.o
       334         10          0          0          0       4847   at32f4xx_dma.o
       882         82          0          0          0      11097   at32f4xx_ertc.o
       112          4          0          0          0       1260   at32f4xx_exti.o
       948         16          0          0          0       6505   at32f4xx_gpio.o
       102          6          0          0         44      19316   at32f4xx_it.o
        68         30          0          0          0       3043   at32f4xx_iwdg.o
        12          6          0          0          0        631   at32f4xx_pwr.o
       752        150         16          0          0      11086   at32f4xx_rcc.o
       282         22          0          0          0       5697   at32f4xx_tim.o
       350          4          0          0          0       8531   at32f4xx_usart.o
        84         16          0          0          0       5993   bsp.o
       156         10         19          0          0       5560   ch_port.o
      3048        364          0         32          0      24582   chproc.o
       990        250          0         28        724      12653   chtask.o
       300         20          0          0        200       3078   cp.o
        52          0          0          0          0        452   cpu_a.o
        68         16          0          4         16       4386   cpu_core.o
       276         36          0          4          0       6699   delay.o
       408         28          0          0          0      32635   device.o
      1790        316          0         12          0      22042   dispkey.o
       138         16          0          4          0      18733   dispkeyfunction.o
       216         12        841          0          0       3423   dispshowstatus.o
         0          0          0          0        164       2312   dlt645_port.o
      9448       1178        128         52       1920      49857   dwin_com_pro.o
       652         12          0          0        201       9720   dwinprotocol.o
       674        170          0         24         12       6296   ertc.o
       128         12        156          0          0       2508   flashdispos.o
      2376        568          0        160          0      12862   hlw8112-spi.o
         0          0          0          5          0        334   hyframe.o
         0          0          0          0          0       7960   lib_ascii.o
         0          0          0          0          0       1581   lib_math.o
        76          0          0          0          0       2036   lib_mem.o
      1318        450          0         63       6432     393134   main.o
         0          0          0        700          0       1518   menudisp .o
       144         16          0          0          0       2553   misc.o
      5146       1490        494         12         19      36118   modulea7680c.o
       602         44          0          2       3816       8882   mq_service.o
         2          0         81          0       3360      19767   os_cfg_app.o
      2134        360          0          0          0      22007   os_core.o
       152         32          0          0          0        508   os_cpu_a.o
       376         62          0          4          0       8449   os_cpu_c.o
         2          0          0          0          0       1126   os_dbg.o
        24         10          0          0          0       1288   os_flag.o
        24         10          0          0          0       1089   os_mem.o
       394         26          0          0          0       4822   os_msg.o
       880         76          0          0          0       5398   os_mutex.o
       124         16          0          8          0       3430   os_prio.o
       760         54          0          0          0       6349   os_q.o
        24         10          0          0          0       1157   os_sem.o
      1028        196          0          0          0       4443   os_stat.o
      1922        174          0          0          0      14345   os_task.o
       848        100          0          0          0       7434   os_tick.o
       224         34          0          0          0       2773   os_time.o
       538        144          0          0          0       4767   os_tmr.o
         0          0          0        171       1560      18140   os_var.o
      2210         62          0          6          0      21004   rc522.o
      3210        338          0         12         86      16018   read_nuid.o
      1144         94          0          8       4096      11347   spi_flash.o
        36          8        368          0       1024        956   startup_at32f415cbt7.o
       348         48          0         20          0       2115   system_at32f4xx.o
       640         86          0          6         36       5374   timer.o
       582         78          0          9       1056      10347   uart1.o
       322         26          0          0         56       6414   uart2.o
      4926        476          0        716        979      35224   ykcframe.o
      1332         40          0         48          0       5397   zfframe.o

    ----------------------------------------------------------------------
     59828       8330       2152       2312      28000    1039126   Object Totals
         0          0         32          0          0          0   (incl. Generated)
        74          0         17         36          9          0   (incl. Padding)

    ----------------------------------------------------------------------

      Code (inc. data)   RO Data    RW Data    ZI Data      Debug   Library Member Name

        86          0          0          0          0          0   __dczerorl2.o
        28          0          0          0          0         68   _chval.o
       158          0          0          0          0         92   _strtoul.o
        26          0          0          0          0         80   atoi.o
         8          4        133          0          0         68   ctype_o.o
         0          0          0          0          0          0   entry.o
         0          0          0          0          0          0   entry10a.o
         0          0          0          0          0          0   entry11a.o
         4          0          0          0          0          0   entry12b.o
         8          4          0          0          0          0   entry2.o
         4          0          0          0          0          0   entry5.o
         0          0          0          0          0          0   entry7b.o
         0          0          0          0          0          0   entry8b.o
         8          4          0          0          0          0   entry9a.o
         8          4          0          4          0         68   errno.o
        30          0          0          0          0          0   handlers.o
        36          8          0          0          0         68   init.o
         0          0          0          0          0          0   iusefp.o
        30          0          0          0          0         68   llshl.o
        36          0          0          0          0         68   llsshr.o
        32          0          0          0          0         68   llushr.o
        36          0          0          0          0         68   memcpya.o
        36          0          0          0          0        108   memseta.o
      1216         58          0          0          0        508   printf8.o
        14          0          0          0          0         68   strlen.o
        30          0          0          0          0         80   strncmp.o
        36          0          0          0          0         80   strstr.o
        68          6          0          4          0         80   strtok.o
       112          0          0          0          0         88   strtol.o
        98          0          0          0          0         92   uldiv.o
        20          0          0          0          0         68   cfcmple.o
       334          0          0          0          0        148   dadd.o
       186          0          0          0          0        176   depilogue.o
        50          0          0          0          0         76   dfixui.o
        26          0          0          0          0         76   dfltui.o
       228          0          0          0          0         96   dmul.o
       176          0          0          0          0        140   fadd.o
       124          0          0          0          0         88   fdiv.o
       110          0          0          0          0        168   fepilogue.o
        40          0          0          0          0         68   ffixui.o
        10          0          0          0          0         68   ffltui.o
       100          0          0          0          0         76   fmul.o
        24          0          0          0          0         68   fscalb.o

    ----------------------------------------------------------------------
      3584         88        136          8          0       3136   Library Totals
         8          0          3          0          0          0   (incl. Padding)

    ----------------------------------------------------------------------

      Code (inc. data)   RO Data    RW Data    ZI Data      Debug   Library Name

      2148         88        133          8          0       1820   mc_w.l
      1428          0          0          0          0       1316   mf_w.l

    ----------------------------------------------------------------------
      3584         88        136          8          0       3136   Library Totals

    ----------------------------------------------------------------------

==============================================================================


      Code (inc. data)   RO Data    RW Data    ZI Data      Debug   

     63412       8418       2288       2320      28000    1009006   Grand Totals
     63412       8418       2288        820      28000    1009006   ELF Image Totals (compressed)
     63412       8418       2288        820          0          0   ROM Totals

==============================================================================

    Total RO  Size (Code + RO Data)                65700 (  64.16kB)
    Total RW  Size (RW Data + ZI Data)             30320 (  29.61kB)
    Total ROM Size (Code + RO Data + RW Data)      66520 (  64.96kB)

==============================================================================

